<html>
<body>
<pre>
<h1>礦ision Build Log</h1>
<h2>Tool Versions:</h2>
IDE-Version: μVision V5.14.0.0
Copyright (C) 2015 ARM Ltd and ARM Germany GmbH. All rights reserved.
License Information: aa Administrator, aa, LIC=9N0AR-KU03X-TLHCD-85JV1-81HVJ-G6P6S
 
Tool Versions:
Toolchain:       MDK-ARM Professional  Version: 5.14.0.0
Toolchain Path:  C:\Keil_v5\ARM\ARMCC\Bin
C Compiler:      Armcc.exe V5.05 update 1 (build 106)
Assembler:       Armasm.exe V5.05 update 1 (build 106)
Linker/Locator:  ArmLink.exe V5.05 update 1 (build 106)
Library Manager: ArmAr.exe V5.05 update 1 (build 106)
Hex Converter:   FromElf.exe V5.05 update 1 (build 106)
CPU DLL:         SARMCM3.DLL V5.14.0.0
Dialog DLL:      DCM.DLL V1.13.1.0
Target DLL:      STLink\ST-LINKIII-KEIL_SWO.dll V2.0.14.0_KEIL
Dialog DLL:      TCM.DLL V1.14.4.0
 
<h2>Project:</h2>
E:\项目资料\DO-Y101\程序\DO-Y101 V1.0.1（加窗）\USER\DO-Y101.uvprojx
Project File Date:  01/09/2020

<h2>Output:</h2>
Build target 'DO-Y101'
compiling adc.c...
..\HARDWARE\adc.c(125): warning:  #177-D: variable "wn" was declared but never referenced
      float X,Y,Mag,phase,c,d,wn,wn1;
..\HARDWARE\adc.c(125): warning:  #177-D: variable "wn1" was declared but never referenced
      float X,Y,Mag,phase,c,d,wn,wn1;
..\HARDWARE\adc.c(126): warning:  #550-D: variable "bb" was set but never used
                u16 bb;
..\HARDWARE\adc.c(13): warning:  #177-D: variable "combuffer" was declared but never referenced
  static u16 combuffer[200];
..\HARDWARE\adc.c: 4 warnings, 0 errors
linking...
Program Size: Code=35518 RO-data=1474 RW-data=264 ZI-data=18864  
FromELF: creating hex file...
After Build - User command #1: C:\Keil_v5\ARM\ARMCC\bin\fromelf.exe --bin -o  ../OBJ/fdoexpLBH.bin  ../OBJ/fdoexpLBH.axf
"..\OBJ\fdoexpLBH.axf" - 0 Error(s), 4 Warning(s).

<h2>Collection of Component include folders:</h2>
  E:\项目资料\DO-Y101\程序\DO-Y101 V1.0.1（加窗）\USER\RTE
  C:\Keil_v5\ARM\PACK\Keil\STM32F1xx_DFP\2.2.0

<h2>Collection of Component Files used:</h2>
</pre>
</body>
</html>
