ARM Linker, 5.03 [Build 76] [MDK-ARM Standard]

==============================================================================

Section Cross References

    system_stm32f10x.o(i.SetSysClock) refers to system_stm32f10x.o(i.SetSysClockTo72) for SetSysClockTo72
    system_stm32f10x.o(i.SystemCoreClockUpdate) refers to system_stm32f10x.o(.data) for SystemCoreClock
    system_stm32f10x.o(i.SystemInit) refers to system_stm32f10x.o(i.SetSysClock) for SetSysClock
    startup_stm32f10x_hd.o(RESET) refers to startup_stm32f10x_hd.o(STACK) for __initial_sp
    startup_stm32f10x_hd.o(RESET) refers to startup_stm32f10x_hd.o(.text) for Reset_Handler
    startup_stm32f10x_hd.o(RESET) refers to stm32f10x_it.o(i.NMI_Handler) for NMI_Handler
    startup_stm32f10x_hd.o(RESET) refers to stm32f10x_it.o(i.HardFault_Handler) for HardFault_Handler
    startup_stm32f10x_hd.o(RESET) refers to stm32f10x_it.o(i.MemManage_Handler) for MemManage_Handler
    startup_stm32f10x_hd.o(RESET) refers to stm32f10x_it.o(i.BusFault_Handler) for BusFault_Handler
    startup_stm32f10x_hd.o(RESET) refers to stm32f10x_it.o(i.UsageFault_Handler) for UsageFault_Handler
    startup_stm32f10x_hd.o(RESET) refers to stm32f10x_it.o(i.SVC_Handler) for SVC_Handler
    startup_stm32f10x_hd.o(RESET) refers to stm32f10x_it.o(i.DebugMon_Handler) for DebugMon_Handler
    startup_stm32f10x_hd.o(RESET) refers to stm32f10x_it.o(i.PendSV_Handler) for PendSV_Handler
    startup_stm32f10x_hd.o(RESET) refers to stm32f10x_it.o(i.USB_LP_CAN1_RX0_IRQHandler) for USB_LP_CAN1_RX0_IRQHandler
    startup_stm32f10x_hd.o(RESET) refers to bsp_uart_fifo.o(i.USART1_IRQHandler) for USART1_IRQHandler
    startup_stm32f10x_hd.o(RESET) refers to bsp_sdio_sd.o(i.SDIO_IRQHandler) for SDIO_IRQHandler
    startup_stm32f10x_hd.o(.text) refers to system_stm32f10x.o(i.SystemInit) for SystemInit
    startup_stm32f10x_hd.o(.text) refers to entry.o(.ARM.Collect$$$$00000000) for __main
    stm32f10x_flash.o(i.FLASH_EnableWriteProtection) refers to stm32f10x_flash.o(i.FLASH_WaitForLastOperation) for FLASH_WaitForLastOperation
    stm32f10x_flash.o(i.FLASH_EraseAllBank1Pages) refers to stm32f10x_flash.o(i.FLASH_WaitForLastBank1Operation) for FLASH_WaitForLastBank1Operation
    stm32f10x_flash.o(i.FLASH_EraseAllPages) refers to stm32f10x_flash.o(i.FLASH_WaitForLastOperation) for FLASH_WaitForLastOperation
    stm32f10x_flash.o(i.FLASH_EraseOptionBytes) refers to stm32f10x_flash.o(i.FLASH_GetReadOutProtectionStatus) for FLASH_GetReadOutProtectionStatus
    stm32f10x_flash.o(i.FLASH_EraseOptionBytes) refers to stm32f10x_flash.o(i.FLASH_WaitForLastOperation) for FLASH_WaitForLastOperation
    stm32f10x_flash.o(i.FLASH_ErasePage) refers to stm32f10x_flash.o(i.FLASH_WaitForLastOperation) for FLASH_WaitForLastOperation
    stm32f10x_flash.o(i.FLASH_ProgramHalfWord) refers to stm32f10x_flash.o(i.FLASH_WaitForLastOperation) for FLASH_WaitForLastOperation
    stm32f10x_flash.o(i.FLASH_ProgramOptionByteData) refers to stm32f10x_flash.o(i.FLASH_WaitForLastOperation) for FLASH_WaitForLastOperation
    stm32f10x_flash.o(i.FLASH_ProgramWord) refers to stm32f10x_flash.o(i.FLASH_WaitForLastOperation) for FLASH_WaitForLastOperation
    stm32f10x_flash.o(i.FLASH_ReadOutProtection) refers to stm32f10x_flash.o(i.FLASH_WaitForLastOperation) for FLASH_WaitForLastOperation
    stm32f10x_flash.o(i.FLASH_UserOptionByteConfig) refers to stm32f10x_flash.o(i.FLASH_WaitForLastOperation) for FLASH_WaitForLastOperation
    stm32f10x_flash.o(i.FLASH_WaitForLastBank1Operation) refers to stm32f10x_flash.o(i.FLASH_GetBank1Status) for FLASH_GetBank1Status
    stm32f10x_flash.o(i.FLASH_WaitForLastOperation) refers to stm32f10x_flash.o(i.FLASH_GetBank1Status) for FLASH_GetBank1Status
    stm32f10x_gpio.o(i.GPIO_AFIODeInit) refers to stm32f10x_rcc.o(i.RCC_APB2PeriphResetCmd) for RCC_APB2PeriphResetCmd
    stm32f10x_gpio.o(i.GPIO_DeInit) refers to stm32f10x_rcc.o(i.RCC_APB2PeriphResetCmd) for RCC_APB2PeriphResetCmd
    stm32f10x_rcc.o(i.RCC_GetClocksFreq) refers to stm32f10x_rcc.o(.data) for APBAHBPrescTable
    stm32f10x_rcc.o(i.RCC_WaitForHSEStartUp) refers to stm32f10x_rcc.o(i.RCC_GetFlagStatus) for RCC_GetFlagStatus
    stm32f10x_usart.o(i.USART_DeInit) refers to stm32f10x_rcc.o(i.RCC_APB2PeriphResetCmd) for RCC_APB2PeriphResetCmd
    stm32f10x_usart.o(i.USART_DeInit) refers to stm32f10x_rcc.o(i.RCC_APB1PeriphResetCmd) for RCC_APB1PeriphResetCmd
    stm32f10x_usart.o(i.USART_Init) refers to stm32f10x_rcc.o(i.RCC_GetClocksFreq) for RCC_GetClocksFreq
    bsp_beep.o(i.bsp_InitBeep) refers to stm32f10x_rcc.o(i.RCC_APB2PeriphClockCmd) for RCC_APB2PeriphClockCmd
    bsp_beep.o(i.bsp_InitBeep) refers to bsp_beep.o(i.bsp_BeepOff) for bsp_BeepOff
    bsp_beep.o(i.bsp_InitBeep) refers to stm32f10x_gpio.o(i.GPIO_Init) for GPIO_Init
    bsp_flash.o(i.FlashDataRead) refers to bsp_flash.o(i.STM32_FLASH_Read) for STM32_FLASH_Read
    bsp_flash.o(i.FlashDataWrite) refers to bsp_flash.o(i.STM32_FLASH_Write) for STM32_FLASH_Write
[...]
    Removing misc.o(.rev16_text), (4 bytes).
    Removing misc.o(.revsh_text), (4 bytes).
    Removing misc.o(i.NVIC_SetVectorTable), (20 bytes).
    Removing misc.o(i.NVIC_SystemLPConfig), (32 bytes).
    Removing misc.o(i.SysTick_CLKSourceConfig), (40 bytes).
    Removing stm32f10x_flash.o(.rev16_text), (4 bytes).
    Removing stm32f10x_flash.o(.revsh_text), (4 bytes).
    Removing stm32f10x_flash.o(i.FLASH_ClearFlag), (12 bytes).
    Removing stm32f10x_flash.o(i.FLASH_EnableWriteProtection), (196 bytes).
    Removing stm32f10x_flash.o(i.FLASH_EraseAllBank1Pages), (72 bytes).
    Removing stm32f10x_flash.o(i.FLASH_EraseAllPages), (72 bytes).
    Removing stm32f10x_flash.o(i.FLASH_EraseOptionBytes), (168 bytes).
    Removing stm32f10x_flash.o(i.FLASH_GetFlagStatus), (48 bytes).
    Removing stm32f10x_flash.o(i.FLASH_GetPrefetchBufferStatus), (24 bytes).
    Removing stm32f10x_flash.o(i.FLASH_GetReadOutProtectionStatus), (24 bytes).
    Removing stm32f10x_flash.o(i.FLASH_GetStatus), (52 bytes).
    Removing stm32f10x_flash.o(i.FLASH_GetUserOptionByte), (12 bytes).
    Removing stm32f10x_flash.o(i.FLASH_GetWriteProtectionOptionByte), (12 bytes).
    Removing stm32f10x_flash.o(i.FLASH_HalfCycleAccessCmd), (28 bytes).
    Removing stm32f10x_flash.o(i.FLASH_ITConfig), (32 bytes).
    Removing stm32f10x_flash.o(i.FLASH_LockBank1), (20 bytes).
    Removing stm32f10x_flash.o(i.FLASH_PrefetchBufferCmd), (28 bytes).
    Removing stm32f10x_flash.o(i.FLASH_ProgramOptionByteData), (84 bytes).
    Removing stm32f10x_flash.o(i.FLASH_ProgramWord), (108 bytes).
    Removing stm32f10x_flash.o(i.FLASH_ReadOutProtection), (172 bytes).
    Removing stm32f10x_flash.o(i.FLASH_SetLatency), (24 bytes).
    Removing stm32f10x_flash.o(i.FLASH_UnlockBank1), (24 bytes).
    Removing stm32f10x_flash.o(i.FLASH_UserOptionByteConfig), (104 bytes).
    Removing stm32f10x_flash.o(i.FLASH_WaitForLastBank1Operation), (38 bytes).
    Removing stm32f10x_gpio.o(.rev16_text), (4 bytes).
    Removing stm32f10x_gpio.o(.revsh_text), (4 bytes).
    Removing stm32f10x_gpio.o(i.GPIO_AFIODeInit), (20 bytes).
    Removing stm32f10x_gpio.o(i.GPIO_DeInit), (200 bytes).
    Removing stm32f10x_gpio.o(i.GPIO_ETH_MediaInterfaceConfig), (12 bytes).
    Removing stm32f10x_gpio.o(i.GPIO_EXTILineConfig), (64 bytes).
    Removing stm32f10x_gpio.o(i.GPIO_EventOutputCmd), (12 bytes).
    Removing stm32f10x_gpio.o(i.GPIO_EventOutputConfig), (32 bytes).
    Removing stm32f10x_gpio.o(i.GPIO_PinLockConfig), (18 bytes).
    Removing stm32f10x_gpio.o(i.GPIO_PinRemapConfig), (144 bytes).
    Removing stm32f10x_gpio.o(i.GPIO_ReadInputData), (8 bytes).
    Removing stm32f10x_gpio.o(i.GPIO_ReadInputDataBit), (18 bytes).
    Removing stm32f10x_gpio.o(i.GPIO_ReadOutputData), (8 bytes).
    Removing stm32f10x_gpio.o(i.GPIO_ReadOutputDataBit), (18 bytes).
    Removing stm32f10x_gpio.o(i.GPIO_ResetBits), (4 bytes).
    Removing stm32f10x_gpio.o(i.GPIO_SetBits), (4 bytes).
    Removing stm32f10x_gpio.o(i.GPIO_StructInit), (16 bytes).
    Removing stm32f10x_gpio.o(i.GPIO_Write), (4 bytes).
    Removing stm32f10x_gpio.o(i.GPIO_WriteBit), (10 bytes).
    Removing stm32f10x_iwdg.o(.rev16_text), (4 bytes).
    Removing stm32f10x_iwdg.o(.revsh_text), (4 bytes).
    Removing stm32f10x_iwdg.o(i.IWDG_Enable), (16 bytes).
    Removing stm32f10x_iwdg.o(i.IWDG_GetFlagStatus), (24 bytes).
    Removing stm32f10x_iwdg.o(i.IWDG_ReloadCounter), (16 bytes).
    Removing stm32f10x_iwdg.o(i.IWDG_SetPrescaler), (12 bytes).
    Removing stm32f10x_iwdg.o(i.IWDG_SetReload), (12 bytes).
    Removing stm32f10x_iwdg.o(i.IWDG_WriteAccessCmd), (12 bytes).
    Removing stm32f10x_rcc.o(.rev16_text), (4 bytes).
    Removing stm32f10x_rcc.o(.revsh_text), (4 bytes).
    Removing stm32f10x_rcc.o(i.RCC_ADCCLKConfig), (24 bytes).
    Removing stm32f10x_rcc.o(i.RCC_APB1PeriphClockCmd), (32 bytes).
    Removing stm32f10x_rcc.o(i.RCC_AdjustHSICalibrationValue), (24 bytes).
    Removing stm32f10x_rcc.o(i.RCC_BackupResetCmd), (12 bytes).
    Removing stm32f10x_rcc.o(i.RCC_ClearFlag), (20 bytes).
    Removing stm32f10x_rcc.o(i.RCC_ClearITPendingBit), (12 bytes).
    Removing stm32f10x_rcc.o(i.RCC_ClockSecuritySystemCmd), (12 bytes).
    Removing stm32f10x_rcc.o(i.RCC_DeInit), (76 bytes).
    Removing stm32f10x_rcc.o(i.RCC_GetFlagStatus), (60 bytes).
    Removing stm32f10x_rcc.o(i.RCC_GetITStatus), (24 bytes).
    Removing stm32f10x_rcc.o(i.RCC_GetSYSCLKSource), (16 bytes).
    Removing stm32f10x_rcc.o(i.RCC_HCLKConfig), (24 bytes).
    Removing stm32f10x_rcc.o(i.RCC_HSEConfig), (76 bytes).
    Removing stm32f10x_rcc.o(i.RCC_HSICmd), (12 bytes).
    Removing stm32f10x_rcc.o(i.RCC_ITConfig), (32 bytes).
    Removing stm32f10x_rcc.o(i.RCC_LSEConfig), (52 bytes).
    Removing stm32f10x_rcc.o(i.RCC_LSICmd), (12 bytes).
    Removing stm32f10x_rcc.o(i.RCC_MCOConfig), (12 bytes).
    Removing stm32f10x_rcc.o(i.RCC_PCLK1Config), (24 bytes).
    Removing stm32f10x_rcc.o(i.RCC_PCLK2Config), (24 bytes).
    Removing stm32f10x_rcc.o(i.RCC_PLLCmd), (12 bytes).
    Removing stm32f10x_rcc.o(i.RCC_PLLConfig), (28 bytes).
    Removing stm32f10x_rcc.o(i.RCC_RTCCLKCmd), (12 bytes).
    Removing stm32f10x_rcc.o(i.RCC_RTCCLKConfig), (16 bytes).
    Removing stm32f10x_rcc.o(i.RCC_SYSCLKConfig), (24 bytes).
    Removing stm32f10x_rcc.o(i.RCC_USBCLKConfig), (12 bytes).
    Removing stm32f10x_rcc.o(i.RCC_WaitForHSEStartUp), (56 bytes).
    Removing stm32f10x_usart.o(.rev16_text), (4 bytes).
    Removing stm32f10x_usart.o(.revsh_text), (4 bytes).
    Removing stm32f10x_usart.o(i.USART_ClearFlag), (18 bytes).
    Removing stm32f10x_usart.o(i.USART_ClockInit), (34 bytes).
    Removing stm32f10x_usart.o(i.USART_ClockStructInit), (12 bytes).
    Removing stm32f10x_usart.o(i.USART_HalfDuplexCmd), (24 bytes).
    Removing stm32f10x_usart.o(i.USART_IrDACmd), (24 bytes).
    Removing stm32f10x_usart.o(i.USART_IrDAConfig), (18 bytes).
    Removing stm32f10x_usart.o(i.USART_LINBreakDetectLengthConfig), (18 bytes).
    Removing stm32f10x_usart.o(i.USART_LINCmd), (24 bytes).
    Removing stm32f10x_usart.o(i.USART_OneBitMethodCmd), (24 bytes).
    Removing stm32f10x_usart.o(i.USART_OverSampling8Cmd), (22 bytes).
    Removing stm32f10x_usart.o(i.USART_ReceiverWakeUpCmd), (24 bytes).
    Removing stm32f10x_usart.o(i.USART_SendBreak), (10 bytes).
    Removing stm32f10x_usart.o(i.USART_SetAddress), (18 bytes).
    Removing stm32f10x_usart.o(i.USART_SetGuardTime), (16 bytes).
    Removing stm32f10x_usart.o(i.USART_SetPrescaler), (16 bytes).
    Removing stm32f10x_usart.o(i.USART_SmartCardCmd), (24 bytes).
    Removing stm32f10x_usart.o(i.USART_SmartCardNACKCmd), (24 bytes).
    Removing stm32f10x_usart.o(i.USART_StructInit), (24 bytes).
    Removing stm32f10x_usart.o(i.USART_WakeUpConfig), (18 bytes).
    Removing stm32f10x_it.o(.rev16_text), (4 bytes).
    Removing stm32f10x_it.o(.revsh_text), (4 bytes).
    Removing stm32f10x_dma.o(.rev16_text), (4 bytes).
    Removing stm32f10x_dma.o(.revsh_text), (4 bytes).
    Removing stm32f10x_dma.o(i.DMA_ClearFlag), (28 bytes).
    Removing stm32f10x_dma.o(i.DMA_ClearITPendingBit), (28 bytes).
    Removing stm32f10x_dma.o(i.DMA_Cmd), (24 bytes).
    Removing stm32f10x_dma.o(i.DMA_GetCurrDataCounter), (8 bytes).
    Removing stm32f10x_dma.o(i.DMA_GetFlagStatus), (44 bytes).
    Removing stm32f10x_dma.o(i.DMA_GetITStatus), (44 bytes).
    Removing stm32f10x_dma.o(i.DMA_ITConfig), (18 bytes).
    Removing stm32f10x_dma.o(i.DMA_SetCurrDataCounter), (4 bytes).
    Removing stm32f10x_dma.o(i.DMA_StructInit), (26 bytes).
    Removing stm32f10x_sdio.o(.rev16_text), (4 bytes).
    Removing stm32f10x_sdio.o(.revsh_text), (4 bytes).
    Removing stm32f10x_sdio.o(i.SDIO_CEATAITCmd), (16 bytes).
    Removing stm32f10x_sdio.o(i.SDIO_ClearFlag), (12 bytes).
    Removing stm32f10x_sdio.o(i.SDIO_ClearITPendingBit), (12 bytes).
    Removing stm32f10x_sdio.o(i.SDIO_ClockCmd), (12 bytes).
    Removing stm32f10x_sdio.o(i.SDIO_CmdStructInit), (14 bytes).
    Removing stm32f10x_sdio.o(i.SDIO_CommandCompletionCmd), (12 bytes).
    Removing stm32f10x_sdio.o(i.SDIO_DMACmd), (12 bytes).
    Removing stm32f10x_sdio.o(i.SDIO_DataConfig), (48 bytes).
    Removing stm32f10x_sdio.o(i.SDIO_DataStructInit), (20 bytes).
    Removing stm32f10x_sdio.o(i.SDIO_DeInit), (36 bytes).
    Removing stm32f10x_sdio.o(i.SDIO_GetCommandResponse), (12 bytes).
    Removing stm32f10x_sdio.o(i.SDIO_GetDataCounter), (12 bytes).
    Removing stm32f10x_sdio.o(i.SDIO_GetFIFOCount), (12 bytes).
    Removing stm32f10x_sdio.o(i.SDIO_GetFlagStatus), (24 bytes).
    Removing stm32f10x_sdio.o(i.SDIO_GetITStatus), (24 bytes).
    Removing stm32f10x_sdio.o(i.SDIO_GetPowerState), (16 bytes).
    Removing stm32f10x_sdio.o(i.SDIO_GetResponse), (24 bytes).
    Removing stm32f10x_sdio.o(i.SDIO_ITConfig), (32 bytes).
    Removing stm32f10x_sdio.o(i.SDIO_Init), (48 bytes).
    Removing stm32f10x_sdio.o(i.SDIO_ReadData), (12 bytes).
    Removing stm32f10x_sdio.o(i.SDIO_SendCEATACmd), (12 bytes).
    Removing stm32f10x_sdio.o(i.SDIO_SendCommand), (44 bytes).
    Removing stm32f10x_sdio.o(i.SDIO_SendSDIOSuspendCmd), (12 bytes).
    Removing stm32f10x_sdio.o(i.SDIO_SetPowerState), (12 bytes).
    Removing stm32f10x_sdio.o(i.SDIO_SetSDIOOperation), (12 bytes).
    Removing stm32f10x_sdio.o(i.SDIO_SetSDIOReadWaitMode), (12 bytes).
    Removing stm32f10x_sdio.o(i.SDIO_StartSDIOReadWait), (12 bytes).
    Removing stm32f10x_sdio.o(i.SDIO_StopSDIOReadWait), (12 bytes).
    Removing stm32f10x_sdio.o(i.SDIO_StructInit), (16 bytes).
    Removing stm32f10x_sdio.o(i.SDIO_WriteData), (12 bytes).
    Removing bsp_beep.o(.rev16_text), (4 bytes).
    Removing bsp_beep.o(.revsh_text), (4 bytes).
    Removing bsp_beep.o(i.bsp_BeepOn), (20 bytes).
    Removing bsp_flash.o(.rev16_text), (4 bytes).
    Removing bsp_flash.o(.revsh_text), (4 bytes).
    Removing bsp_flash.o(i.STM32_FLASH_EPRM_READ), (332 bytes).
    Removing bsp_flash.o(i.STM32_FLASH_EPRM_WRITE), (108 bytes).
    Removing bsp_led.o(.rev16_text), (4 bytes).
    Removing bsp_led.o(.revsh_text), (4 bytes).
    Removing bsp_led.o(i.bsp_IsLedOn), (28 bytes).
    Removing bsp_led.o(i.bsp_LedOn), (20 bytes).
    Removing bsp_led.o(i.bsp_LedToggle), (24 bytes).
    Removing bsp_uart_fifo.o(.rev16_text), (4 bytes).
    Removing bsp_uart_fifo.o(.revsh_text), (4 bytes).
    Removing bsp_uart_fifo.o(i.RS485_SendOver), (16 bytes).
    Removing bsp_uart_fifo.o(i.Send_Lamp_Cmd), (128 bytes).
    Removing bsp_uart_fifo.o(i.USART_BufferSend), (52 bytes).
    Removing bsp_uart_fifo.o(i.USART_BufferSend9Bit), (56 bytes).
    Removing bsp_uart_fifo.o(i.USART_DMA_Enable), (32 bytes).
    Removing bsp_uart_fifo.o(i.USART_SendByte), (30 bytes).
    Removing bsp_uart_fifo.o(i.fgetc), (32 bytes).
    Removing bsp_uart_fifo.o(.data), (2 bytes).
    Removing bsp_wdg.o(.rev16_text), (4 bytes).
    Removing bsp_wdg.o(.revsh_text), (4 bytes).
    Removing bsp_wdg.o(i.IWDG_Feed), (8 bytes).
    Removing bsp_wdg.o(i.IWDG_Init), (54 bytes).
    Removing bsp.o(.rev16_text), (4 bytes).
    Removing bsp.o(.revsh_text), (4 bytes).
    Removing bsp_sdio_sd.o(.rev16_text), (4 bytes).
    Removing bsp_sdio_sd.o(.revsh_text), (4 bytes).
    Removing bsp_sdio_sd.o(i.SD_PowerOFF), (20 bytes).
    Removing bsp_sys.o(.rev16_text), (4 bytes).
    Removing bsp_sys.o(.revsh_text), (4 bytes).
    Removing bsp_sys.o(i.MY_NVIC_SetVectorTable), (16 bytes).
    Removing bsp_dwt.o(.rev16_text), (4 bytes).
    Removing bsp_dwt.o(.revsh_text), (4 bytes).
    Removing bsp_dwt.o(i.bsp_DelayMS), (18 bytes).
    Removing main.o(.rev16_text), (4 bytes).
    Removing main.o(.revsh_text), (4 bytes).
    Removing main.o(.constdata), (4 bytes).
    Removing diskio.o(.rev16_text), (4 bytes).
    Removing diskio.o(.revsh_text), (4 bytes).
    Removing ff.o(i.dir_read), (196 bytes).
    Removing ff.o(i.dir_remove), (106 bytes).
    Removing ff.o(i.f_chmod), (92 bytes).
    Removing ff.o(i.f_closedir), (22 bytes).
    Removing ff.o(i.f_getfree), (258 bytes).
    Removing ff.o(i.f_getlabel), (190 bytes).
    Removing ff.o(i.f_gets), (82 bytes).
    Removing ff.o(i.f_lseek), (652 bytes).
    Removing ff.o(i.f_mkdir), (360 bytes).
    Removing ff.o(i.f_mkfs), (1600 bytes).
    Removing ff.o(i.f_opendir), (120 bytes).
    Removing ff.o(i.f_printf), (628 bytes).
    Removing ff.o(i.f_putc), (64 bytes).
    Removing ff.o(i.f_puts), (74 bytes).
    Removing ff.o(i.f_readdir), (96 bytes).
    Removing ff.o(i.f_rename), (292 bytes).
    Removing ff.o(i.f_setlabel), (404 bytes).
    Removing ff.o(i.f_stat), (68 bytes).
    Removing ff.o(i.f_truncate), (184 bytes).
    Removing ff.o(i.f_unlink), (180 bytes).
    Removing ff.o(i.f_utime), (96 bytes).
    Removing ff.o(i.f_write), (496 bytes).
    Removing ff.o(i.get_fileinfo), (254 bytes).
    Removing ff.o(i.pick_lfn), (116 bytes).
    Removing ff.o(i.putc_bfd), (68 bytes).
    Removing bsp_iap.o(.rev16_text), (4 bytes).
    Removing bsp_iap.o(.revsh_text), (4 bytes).
    Removing dadd.o(.text), (334 bytes).
    Removing dmul.o(.text), (228 bytes).
    Removing ddiv.o(.text), (222 bytes).
    Removing dfixul.o(.text), (48 bytes).
    Removing cdrcmple.o(.text), (40 bytes).
    Removing depilogue.o(.text), (190 bytes).

230 unused section(s) (total 13664 bytes) removed from the image.

==============================================================================

Image Symbol Table

    Local Symbols

    Symbol Name                              Value     Ov Type        Size  Object(Section)

    ../clib/microlib/division.c              0x00000000   Number         0  uldiv.o ABSOLUTE
    ../clib/microlib/division.c              0x00000000   Number         0  uidiv.o ABSOLUTE
    ../clib/microlib/init/entry.s            0x00000000   Number         0  entry.o ABSOLUTE
    ../clib/microlib/init/entry.s            0x00000000   Number         0  entry8b.o ABSOLUTE
    ../clib/microlib/init/entry.s            0x00000000   Number         0  entry9a.o ABSOLUTE
    ../clib/microlib/init/entry.s            0x00000000   Number         0  entry9b.o ABSOLUTE
    ../clib/microlib/init/entry.s            0x00000000   Number         0  entry10b.o ABSOLUTE
    ../clib/microlib/init/entry.s            0x00000000   Number         0  entry10a.o ABSOLUTE
    ../clib/microlib/init/entry.s            0x00000000   Number         0  entry11a.o ABSOLUTE
    ../clib/microlib/init/entry.s            0x00000000   Number         0  entry2.o ABSOLUTE
    ../clib/microlib/init/entry.s            0x00000000   Number         0  entry5.o ABSOLUTE
    ../clib/microlib/init/entry.s            0x00000000   Number         0  entry11b.o ABSOLUTE
    ../clib/microlib/init/entry.s            0x00000000   Number         0  entry7a.o ABSOLUTE
    ../clib/microlib/init/entry.s            0x00000000   Number         0  entry7b.o ABSOLUTE
    ../clib/microlib/init/entry.s            0x00000000   Number         0  entry8a.o ABSOLUTE
    ../clib/microlib/longlong.c              0x00000000   Number         0  llsshr.o ABSOLUTE
    ../clib/microlib/longlong.c              0x00000000   Number         0  llshl.o ABSOLUTE
    ../clib/microlib/longlong.c              0x00000000   Number         0  llushr.o ABSOLUTE
    ../clib/microlib/printf/printf.c         0x00000000   Number         0  printfa.o ABSOLUTE
    ../clib/microlib/printf/printf.c         0x00000000   Number         0  printf8.o ABSOLUTE
    ../clib/microlib/printf/printf.c         0x00000000   Number         0  printf5.o ABSOLUTE
    ../clib/microlib/printf/printf.c         0x00000000   Number         0  printf6.o ABSOLUTE
    ../clib/microlib/printf/printf.c         0x00000000   Number         0  printfb.o ABSOLUTE
    ../clib/microlib/printf/printf.c         0x00000000   Number         0  printf0.o ABSOLUTE
    ../clib/microlib/printf/printf.c         0x00000000   Number         0  printf3.o ABSOLUTE
    ../clib/microlib/printf/printf.c         0x00000000   Number         0  printf4.o ABSOLUTE
    ../clib/microlib/printf/printf.c         0x00000000   Number         0  printf7.o ABSOLUTE
    ../clib/microlib/printf/printf.c         0x00000000   Number         0  printf1.o ABSOLUTE
    ../clib/microlib/printf/printf.c         0x00000000   Number         0  printf2.o ABSOLUTE
    ../clib/microlib/printf/stubs.s          0x00000000   Number         0  stubs.o ABSOLUTE
    ../clib/microlib/stdio/streams.c         0x00000000   Number         0  stdout.o ABSOLUTE
    ../clib/microlib/string/memcpy.c         0x00000000   Number         0  memcpyb.o ABSOLUTE
    ../clib/microlib/string/memcpy.c         0x00000000   Number         0  memcpya.o ABSOLUTE
    ../clib/microlib/string/memset.c         0x00000000   Number         0  memseta.o ABSOLUTE
    ../clib/microlib/stubs.s                 0x00000000   Number         0  iusefp.o ABSOLUTE
    ../fplib/microlib/fpadd.c                0x00000000   Number         0  dadd.o ABSOLUTE
    ../fplib/microlib/fpdiv.c                0x00000000   Number         0  ddiv.o ABSOLUTE
    ../fplib/microlib/fpepilogue.c           0x00000000   Number         0  depilogue.o ABSOLUTE
    ../fplib/microlib/fpfix.c                0x00000000   Number         0  dfixul.o ABSOLUTE
    ../fplib/microlib/fpmul.c                0x00000000   Number         0  dmul.o ABSOLUTE
    ..\FATFS\src\diskio.c                    0x00000000   Number         0  diskio.o ABSOLUTE
    ..\FATFS\src\ff.c                        0x00000000   Number         0  ff.o ABSOLUTE
    ..\FATFS\src\option\ccsbcs.c             0x00000000   Number         0  ccsbcs.o ABSOLUTE
    ..\Iap\bsp_iap.c                         0x00000000   Number         0  bsp_iap.o ABSOLUTE
    ..\Libraries\CMSIS\Device\ST\STM32F10x\Source\Templates\arm\startup_stm32f10x_hd.s 0x00000000   Number         0  startup_stm32f10x_hd.o ABSOLUTE
    ..\Libraries\STM32F10x_StdPeriph_Driver\src\misc.c 0x00000000   Number         0  misc.o ABSOLUTE
    ..\Libraries\STM32F10x_StdPeriph_Driver\src\stm32f10x_dma.c 0x00000000   Number         0  stm32f10x_dma.o ABSOLUTE
    ..\Libraries\STM32F10x_StdPeriph_Driver\src\stm32f10x_flash.c 0x00000000   Number         0  stm32f10x_flash.o ABSOLUTE
    ..\Libraries\STM32F10x_StdPeriph_Driver\src\stm32f10x_gpio.c 0x00000000   Number         0  stm32f10x_gpio.o ABSOLUTE
    ..\Libraries\STM32F10x_StdPeriph_Driver\src\stm32f10x_iwdg.c 0x00000000   Number         0  stm32f10x_iwdg.o ABSOLUTE
    ..\Libraries\STM32F10x_StdPeriph_Driver\src\stm32f10x_rcc.c 0x00000000   Number         0  stm32f10x_rcc.o ABSOLUTE
    ..\Libraries\STM32F10x_StdPeriph_Driver\src\stm32f10x_sdio.c 0x00000000   Number         0  stm32f10x_sdio.o ABSOLUTE
    ..\Libraries\STM32F10x_StdPeriph_Driver\src\stm32f10x_usart.c 0x00000000   Number         0  stm32f10x_usart.o ABSOLUTE
    ..\User\bsp.c                            0x00000000   Number         0  bsp.o ABSOLUTE
    ..\User\bsp\src\bsp_beep.c               0x00000000   Number         0  bsp_beep.o ABSOLUTE
    ..\User\bsp\src\bsp_dwt.c                0x00000000   Number         0  bsp_dwt.o ABSOLUTE
    ..\User\bsp\src\bsp_flash.c              0x00000000   Number         0  bsp_flash.o ABSOLUTE
    ..\User\bsp\src\bsp_led.c                0x00000000   Number         0  bsp_led.o ABSOLUTE
    ..\User\bsp\src\bsp_sdio_sd.c            0x00000000   Number         0  bsp_sdio_sd.o ABSOLUTE
    ..\User\bsp\src\bsp_sys.c                0x00000000   Number         0  bsp_sys.o ABSOLUTE
    ..\User\bsp\src\bsp_uart_fifo.c          0x00000000   Number         0  bsp_uart_fifo.o ABSOLUTE
    ..\User\bsp\src\bsp_wdg.c                0x00000000   Number         0  bsp_wdg.o ABSOLUTE
    ..\User\main.c                           0x00000000   Number         0  main.o ABSOLUTE
    ..\User\stm32f10x_it.c                   0x00000000   Number         0  stm32f10x_it.o ABSOLUTE
    ..\User\system_stm32f10x.c               0x00000000   Number         0  system_stm32f10x.o ABSOLUTE
    ..\\FATFS\\src\\diskio.c                 0x00000000   Number         0  diskio.o ABSOLUTE
    ..\\Iap\\bsp_iap.c                       0x00000000   Number         0  bsp_iap.o ABSOLUTE
    ..\\Libraries\\STM32F10x_StdPeriph_Driver\\src\\misc.c 0x00000000   Number         0  misc.o ABSOLUTE
    ..\\Libraries\\STM32F10x_StdPeriph_Driver\\src\\stm32f10x_dma.c 0x00000000   Number         0  stm32f10x_dma.o ABSOLUTE
    ..\\Libraries\\STM32F10x_StdPeriph_Driver\\src\\stm32f10x_flash.c 0x00000000   Number         0  stm32f10x_flash.o ABSOLUTE
    ..\\Libraries\\STM32F10x_StdPeriph_Driver\\src\\stm32f10x_gpio.c 0x00000000   Number         0  stm32f10x_gpio.o ABSOLUTE
    ..\\Libraries\\STM32F10x_StdPeriph_Driver\\src\\stm32f10x_iwdg.c 0x00000000   Number         0  stm32f10x_iwdg.o ABSOLUTE
    ..\\Libraries\\STM32F10x_StdPeriph_Driver\\src\\stm32f10x_rcc.c 0x00000000   Number         0  stm32f10x_rcc.o ABSOLUTE
    ..\\Libraries\\STM32F10x_StdPeriph_Driver\\src\\stm32f10x_sdio.c 0x00000000   Number         0  stm32f10x_sdio.o ABSOLUTE
    ..\\Libraries\\STM32F10x_StdPeriph_Driver\\src\\stm32f10x_usart.c 0x00000000   Number         0  stm32f10x_usart.o ABSOLUTE
    ..\\User\\bsp.c                          0x00000000   Number         0  bsp.o ABSOLUTE
    ..\\User\\bsp\\src\\bsp_beep.c           0x00000000   Number         0  bsp_beep.o ABSOLUTE
    ..\\User\\bsp\\src\\bsp_dwt.c            0x00000000   Number         0  bsp_dwt.o ABSOLUTE
    ..\\User\\bsp\\src\\bsp_flash.c          0x00000000   Number         0  bsp_flash.o ABSOLUTE
    ..\\User\\bsp\\src\\bsp_led.c            0x00000000   Number         0  bsp_led.o ABSOLUTE
    ..\\User\\bsp\\src\\bsp_sdio_sd.c        0x00000000   Number         0  bsp_sdio_sd.o ABSOLUTE
    ..\\User\\bsp\\src\\bsp_sys.c            0x00000000   Number         0  bsp_sys.o ABSOLUTE
    ..\\User\\bsp\\src\\bsp_uart_fifo.c      0x00000000   Number         0  bsp_uart_fifo.o ABSOLUTE
    ..\\User\\bsp\\src\\bsp_wdg.c            0x00000000   Number         0  bsp_wdg.o ABSOLUTE
    ..\\User\\main.c                         0x00000000   Number         0  main.o ABSOLUTE
    ..\\User\\stm32f10x_it.c                 0x00000000   Number         0  stm32f10x_it.o ABSOLUTE
    ..\\User\\system_stm32f10x.c             0x00000000   Number         0  system_stm32f10x.o ABSOLUTE
    cdrcmple.s                               0x00000000   Number         0  cdrcmple.o ABSOLUTE
    dc.s                                     0x00000000   Number         0  dc.o ABSOLUTE
    handlers.s                               0x00000000   Number         0  handlers.o ABSOLUTE
    init.s                                   0x00000000   Number         0  init.o ABSOLUTE
    RESET                                    0x08000000   Section      304  startup_stm32f10x_hd.o(RESET)
    .ARM.Collect$$$$00000000                 0x08000130   Section        0  entry.o(.ARM.Collect$$$$00000000)
    .ARM.Collect$$$$00000001                 0x08000130   Section        4  entry2.o(.ARM.Collect$$$$00000001)
    .ARM.Collect$$$$00000004                 0x08000134   Section        4  entry5.o(.ARM.Collect$$$$00000004)
    .ARM.Collect$$$$00000008                 0x08000138   Section        0  entry7b.o(.ARM.Collect$$$$00000008)
    .ARM.Collect$$$$0000000A                 0x08000138   Section        0  entry8b.o(.ARM.Collect$$$$0000000A)
    .ARM.Collect$$$$0000000B                 0x08000138   Section        8  entry9a.o(.ARM.Collect$$$$0000000B)
    .ARM.Collect$$$$0000000D                 0x08000140   Section        0  entry10a.o(.ARM.Collect$$$$0000000D)
    .ARM.Collect$$$$0000000F                 0x08000140   Section        0  entry11a.o(.ARM.Collect$$$$0000000F)
    .ARM.Collect$$$$00002712                 0x08000140   Section        4  entry2.o(.ARM.Collect$$$$00002712)
    __lit__00000000                          0x08000140   Data           4  entry2.o(.ARM.Collect$$$$00002712)
    .emb_text                                0x08000144   Section       16  bsp_sys.o(.emb_text)
    .text                                    0x08000154   Section       36  startup_stm32f10x_hd.o(.text)
    .text                                    0x08000178   Section        0  memcpya.o(.text)
    .text                                    0x0800019c   Section        0  memseta.o(.text)
    .text                                    0x080001c0   Section        0  uidiv.o(.text)
    .text                                    0x080001ec   Section       36  init.o(.text)
    i.BusFault_Handler                       0x08000210   Section        0  stm32f10x_it.o(i.BusFault_Handler)
    i.CmdError                               0x08000214   Section        0  bsp_sdio_sd.o(i.CmdError)
    i.CmdResp1Error                          0x08000248   Section        0  bsp_sdio_sd.o(i.CmdResp1Error)
    i.CmdResp2Error                          0x080002a0   Section        0  bsp_sdio_sd.o(i.CmdResp2Error)
    i.CmdResp3Error                          0x08000300   Section        0  bsp_sdio_sd.o(i.CmdResp3Error)
    i.CmdResp6Error                          0x08000338   Section        0  bsp_sdio_sd.o(i.CmdResp6Error)
    i.CmdResp7Error                          0x080003cc   Section        0  bsp_sdio_sd.o(i.CmdResp7Error)
    i.ConfigUartNVIC                         0x08000424   Section        0  bsp_uart_fifo.o(i.ConfigUartNVIC)
    ConfigUartNVIC                           0x08000425   Thumb Code    34  bsp_uart_fifo.o(i.ConfigUartNVIC)
    i.DMA_DeInit                             0x08000448   Section        0  stm32f10x_dma.o(i.DMA_DeInit)
    i.DMA_Init                               0x08000594   Section        0  stm32f10x_dma.o(i.DMA_Init)
    i.DebugMon_Handler                       0x080005d0   Section        0  stm32f10x_it.o(i.DebugMon_Handler)
    i.FLASH_ErasePage                        0x080005d4   Section        0  stm32f10x_flash.o(i.FLASH_ErasePage)
    i.FLASH_GetBank1Status                   0x08000620   Section        0  stm32f10x_flash.o(i.FLASH_GetBank1Status)
    i.FLASH_Lock                             0x08000654   Section        0  stm32f10x_flash.o(i.FLASH_Lock)
    i.FLASH_ProgramHalfWord                  0x08000668   Section        0  stm32f10x_flash.o(i.FLASH_ProgramHalfWord)
    i.FLASH_Unlock                           0x080006a8   Section        0  stm32f10x_flash.o(i.FLASH_Unlock)
    i.FLASH_WaitForLastOperation             0x080006c0   Section        0  stm32f10x_flash.o(i.FLASH_WaitForLastOperation)
    i.FindSCR                                0x080006e8   Section        0  bsp_sdio_sd.o(i.FindSCR)
    i.FlashDataRead                          0x08000838   Section        0  bsp_flash.o(i.FlashDataRead)
    i.FlashDataWrite                         0x0800084c   Section        0  bsp_flash.o(i.FlashDataWrite)
    i.GPIO_Init                              0x08000860   Section        0  stm32f10x_gpio.o(i.GPIO_Init)
    i.HardFault_Handler                      0x08000974   Section        0  stm32f10x_it.o(i.HardFault_Handler)
    i.InitHardUart                           0x0800099c   Section        0  bsp_uart_fifo.o(i.InitHardUart)
    InitHardUart                             0x0800099d   Thumb Code   172  bsp_uart_fifo.o(i.InitHardUart)
    i.IsCardProgramming                      0x08000a58   Section        0  bsp_sdio_sd.o(i.IsCardProgramming)
    i.MemManage_Handler                      0x08000ae4   Section        0  stm32f10x_it.o(i.MemManage_Handler)
    i.NMI_Handler                            0x08000ae8   Section        0  stm32f10x_it.o(i.NMI_Handler)
    i.NVIC_Init                              0x08000aec   Section        0  misc.o(i.NVIC_Init)
    i.NVIC_PriorityGroupConfig               0x08000b60   Section        0  misc.o(i.NVIC_PriorityGroupConfig)
    i.PendSV_Handler                         0x08000b74   Section        0  stm32f10x_it.o(i.PendSV_Handler)
    i.RCC_AHBPeriphClockCmd                  0x08000b78   Section        0  stm32f10x_rcc.o(i.RCC_AHBPeriphClockCmd)
    i.RCC_APB1PeriphResetCmd                 0x08000b98   Section        0  stm32f10x_rcc.o(i.RCC_APB1PeriphResetCmd)
    i.RCC_APB2PeriphClockCmd                 0x08000bb8   Section        0  stm32f10x_rcc.o(i.RCC_APB2PeriphClockCmd)
    i.RCC_APB2PeriphResetCmd                 0x08000bd8   Section        0  stm32f10x_rcc.o(i.RCC_APB2PeriphResetCmd)
    i.RCC_GetClocksFreq                      0x08000bf8   Section        0  stm32f10x_rcc.o(i.RCC_GetClocksFreq)
    i.RS485_InitTXE                          0x08000ccc   Section        0  bsp_uart_fifo.o(i.RS485_InitTXE)
    i.RS485_SendBefor                        0x08000cf8   Section        0  bsp_uart_fifo.o(i.RS485_SendBefor)
    i.SDEnWideBus                            0x08000d08   Section        0  bsp_sdio_sd.o(i.SDEnWideBus)
    i.SDIO_Clock_Set                         0x08000d88   Section        0  bsp_sdio_sd.o(i.SDIO_Clock_Set)
    i.SDIO_IRQHandler                        0x08000da4   Section        0  bsp_sdio_sd.o(i.SDIO_IRQHandler)
    i.SDIO_Send_Cmd                          0x08000dac   Section        0  bsp_sdio_sd.o(i.SDIO_Send_Cmd)
    i.SDIO_Send_Data_Cfg                     0x08000dec   Section        0  bsp_sdio_sd.o(i.SDIO_Send_Data_Cfg)
    i.SD_DMA_Config                          0x08000e34   Section        0  bsp_sdio_sd.o(i.SD_DMA_Config)
    i.SD_EnableWideBusOperation              0x08000ecc   Section        0  bsp_sdio_sd.o(i.SD_EnableWideBusOperation)
    i.SD_GetCardInfo                         0x08000f34   Section        0  bsp_sdio_sd.o(i.SD_GetCardInfo)
    i.SD_Init                                0x08001274   Section        0  bsp_sdio_sd.o(i.SD_Init)
    i.SD_InitializeCards                     0x08001368   Section        0  bsp_sdio_sd.o(i.SD_InitializeCards)
    i.SD_PowerON                             0x0800146c   Section        0  bsp_sdio_sd.o(i.SD_PowerON)
    i.SD_ProcessIRQSrc                       0x080015e4   Section        0  bsp_sdio_sd.o(i.SD_ProcessIRQSrc)
    i.SD_ReadBlock                           0x0800172c   Section        0  bsp_sdio_sd.o(i.SD_ReadBlock)
    i.SD_ReadDisk                            0x08001938   Section        0  bsp_sdio_sd.o(i.SD_ReadDisk)
    i.SD_ReadMultiBlocks                     0x080019b4   Section        0  bsp_sdio_sd.o(i.SD_ReadMultiBlocks)
    i.SD_SelectDeselect                      0x08001c0c   Section        0  bsp_sdio_sd.o(i.SD_SelectDeselect)
    i.SD_SetDeviceMode                       0x08001c24   Section        0  bsp_sdio_sd.o(i.SD_SetDeviceMode)
    i.SD_WriteBlock                          0x08001c3c   Section        0  bsp_sdio_sd.o(i.SD_WriteBlock)
    i.SD_WriteDisk                           0x08001f28   Section        0  bsp_sdio_sd.o(i.SD_WriteDisk)
    i.SD_WriteMultiBlocks                    0x08001fa4   Section        0  bsp_sdio_sd.o(i.SD_WriteMultiBlocks)
    i.STM32_FLASH_Read                       0x080022d4   Section        0  bsp_flash.o(i.STM32_FLASH_Read)
    i.STM32_FLASH_ReadHalfWord               0x080022f6   Section        0  bsp_flash.o(i.STM32_FLASH_ReadHalfWord)
    i.STM32_FLASH_Write                      0x080022fc   Section        0  bsp_flash.o(i.STM32_FLASH_Write)
    i.STM32_FLASH_Write_NoCheck              0x08002344   Section        0  bsp_flash.o(i.STM32_FLASH_Write_NoCheck)
    i.SVC_Handler                            0x0800236a   Section        0  stm32f10x_it.o(i.SVC_Handler)
    i.SetSysClock                            0x0800236c   Section        0  system_stm32f10x.o(i.SetSysClock)
    SetSysClock                              0x0800236d   Thumb Code     8  system_stm32f10x.o(i.SetSysClock)
    i.SetSysClockTo72                        0x08002374   Section        0  system_stm32f10x.o(i.SetSysClockTo72)
    SetSysClockTo72                          0x08002375   Thumb Code   212  system_stm32f10x.o(i.SetSysClockTo72)
    i.SystemInit                             0x08002450   Section        0  system_stm32f10x.o(i.SystemInit)
    i.USART1_DMA_Config                      0x080024b0   Section        0  bsp_uart_fifo.o(i.USART1_DMA_Config)
    i.USART1_IRQHandler                      0x08002504   Section        0  bsp_uart_fifo.o(i.USART1_IRQHandler)
    i.USART_ClearITPendingBit                0x0800250c   Section        0  stm32f10x_usart.o(i.USART_ClearITPendingBit)
    i.USART_Cmd                              0x0800252a   Section        0  stm32f10x_usart.o(i.USART_Cmd)
    i.USART_DMACmd                           0x08002542   Section        0  stm32f10x_usart.o(i.USART_DMACmd)
    i.USART_DeInit                           0x08002554   Section        0  stm32f10x_usart.o(i.USART_DeInit)
    i.USART_GetFlagStatus                    0x080025f0   Section        0  stm32f10x_usart.o(i.USART_GetFlagStatus)
    i.USART_GetITStatus                      0x0800260a   Section        0  stm32f10x_usart.o(i.USART_GetITStatus)
    i.USART_ITConfig                         0x0800265e   Section        0  stm32f10x_usart.o(i.USART_ITConfig)
    i.USART_Init                             0x080026a8   Section        0  stm32f10x_usart.o(i.USART_Init)
    i.USART_ReceiveData                      0x08002780   Section        0  stm32f10x_usart.o(i.USART_ReceiveData)
    i.USART_SendData                         0x0800278a   Section        0  stm32f10x_usart.o(i.USART_SendData)
    i.USB_LP_CAN1_RX0_IRQHandler             0x08002794   Section        0  stm32f10x_it.o(i.USB_LP_CAN1_RX0_IRQHandler)
    i.Uart1IRQ                               0x080027a0   Section        0  bsp_uart_fifo.o(i.Uart1IRQ)
    Uart1IRQ                                 0x080027a1   Thumb Code    64  bsp_uart_fifo.o(i.Uart1IRQ)
    i.UsageFault_Handler                     0x080027e8   Section        0  stm32f10x_it.o(i.UsageFault_Handler)
    i.__0printf$1                            0x080027ec   Section        0  printf1.o(i.__0printf$1)
    i.__0sprintf$1                           0x0800280c   Section        0  printf1.o(i.__0sprintf$1)
    i.__scatterload_copy                     0x08002834   Section       14  handlers.o(i.__scatterload_copy)
    i.__scatterload_null                     0x08002842   Section        2  handlers.o(i.__scatterload_null)
    i.__scatterload_zeroinit                 0x08002844   Section       14  handlers.o(i.__scatterload_zeroinit)
    i._printf_core                           0x08002854   Section        0  printf1.o(i._printf_core)
    _printf_core                             0x08002855   Thumb Code   334  printf1.o(i._printf_core)
    i._sputc                                 0x080029a8   Section        0  printf1.o(i._sputc)
    _sputc                                   0x080029a9   Thumb Code    10  printf1.o(i._sputc)
    i.bsp_BeepOff                            0x080029b4   Section        0  bsp_beep.o(i.bsp_BeepOff)
    i.bsp_DelayUS                            0x080029c8   Section        0  bsp_dwt.o(i.bsp_DelayUS)
    i.bsp_Init                               0x080029f8   Section        0  bsp.o(i.bsp_Init)
    i.bsp_InitBeep                           0x08002a38   Section        0  bsp_beep.o(i.bsp_InitBeep)
    i.bsp_InitDWT                            0x08002a68   Section        0  bsp_dwt.o(i.bsp_InitDWT)
    i.bsp_InitLed                            0x08002a90   Section        0  bsp_led.o(i.bsp_InitLed)
    i.bsp_InitUart                           0x08002ac0   Section        0  bsp_uart_fifo.o(i.bsp_InitUart)
    i.bsp_LedOff                             0x08002ad4   Section        0  bsp_led.o(i.bsp_LedOff)
    i.check_fs                               0x08002ae8   Section        0  ff.o(i.check_fs)
    check_fs                                 0x08002ae9   Thumb Code   140  ff.o(i.check_fs)
    i.chk_chr                                0x08002b78   Section        0  ff.o(i.chk_chr)
    chk_chr                                  0x08002b79   Thumb Code    20  ff.o(i.chk_chr)
    i.clmt_clust                             0x08002b8c   Section        0  ff.o(i.clmt_clust)
    clmt_clust                               0x08002b8d   Thumb Code    50  ff.o(i.clmt_clust)
    i.clust2sect                             0x08002bbe   Section        0  ff.o(i.clust2sect)
    i.cmp_lfn                                0x08002bd8   Section        0  ff.o(i.cmp_lfn)
    cmp_lfn                                  0x08002bd9   Thumb Code   138  ff.o(i.cmp_lfn)
    i.convert_from_bytes_to_power_of_two     0x08002c68   Section        0  bsp_sdio_sd.o(i.convert_from_bytes_to_power_of_two)
    i.create_chain                           0x08002c7a   Section        0  ff.o(i.create_chain)
    create_chain                             0x08002c7b   Thumb Code   214  ff.o(i.create_chain)
    i.create_name                            0x08002d50   Section        0  ff.o(i.create_name)
    create_name                              0x08002d51   Thumb Code   534  ff.o(i.create_name)
    i.dir_alloc                              0x08002f80   Section        0  ff.o(i.dir_alloc)
    dir_alloc                                0x08002f81   Thumb Code    92  ff.o(i.dir_alloc)
    i.dir_find                               0x08002fdc   Section        0  ff.o(i.dir_find)
    dir_find                                 0x08002fdd   Thumb Code   222  ff.o(i.dir_find)
    i.dir_next                               0x080030ba   Section        0  ff.o(i.dir_next)
    dir_next                                 0x080030bb   Thumb Code   270  ff.o(i.dir_next)
    i.dir_register                           0x080031c8   Section        0  ff.o(i.dir_register)
    dir_register                             0x080031c9   Thumb Code   298  ff.o(i.dir_register)
    i.dir_sdi                                0x080032f2   Section        0  ff.o(i.dir_sdi)
    dir_sdi                                  0x080032f3   Thumb Code   158  ff.o(i.dir_sdi)
    i.disk_initialize                        0x08003390   Section        0  diskio.o(i.disk_initialize)
    i.disk_ioctl                             0x080033c0   Section        0  diskio.o(i.disk_ioctl)
    i.disk_read                              0x08003400   Section        0  diskio.o(i.disk_read)
    i.disk_status                            0x08003446   Section        0  diskio.o(i.disk_status)
    i.disk_write                             0x0800344c   Section        0  diskio.o(i.disk_write)
    i.f_close                                0x080034b0   Section        0  ff.o(i.f_close)
    i.f_mount                                0x080034d0   Section        0  ff.o(i.f_mount)
    i.f_open                                 0x0800352c   Section        0  ff.o(i.f_open)
    i.f_read                                 0x08003694   Section        0  ff.o(i.f_read)
    i.f_sync                                 0x08003842   Section        0  ff.o(i.f_sync)
    i.ff_convert                             0x080038f0   Section        0  ccsbcs.o(i.ff_convert)
    i.ff_wtoupper                            0x0800393c   Section        0  ccsbcs.o(i.ff_wtoupper)
    i.find_volume                            0x08003974   Section        0  ff.o(i.find_volume)
    find_volume                              0x08003975   Thumb Code   886  ff.o(i.find_volume)
    i.fit_lfn                                0x08003cfc   Section        0  ff.o(i.fit_lfn)
    fit_lfn                                  0x08003cfd   Thumb Code   122  ff.o(i.fit_lfn)
    i.follow_path                            0x08003d7c   Section        0  ff.o(i.follow_path)
    follow_path                              0x08003d7d   Thumb Code   144  ff.o(i.follow_path)
    i.fputc                                  0x08003e0c   Section        0  bsp_uart_fifo.o(i.fputc)
    i.gen_numname                            0x08003e30   Section        0  ff.o(i.gen_numname)
    gen_numname                              0x08003e31   Thumb Code   174  ff.o(i.gen_numname)
    i.get_fat                                0x08003ee4   Section        0  ff.o(i.get_fat)
    i.get_fattime                            0x08003fcc   Section        0  diskio.o(i.get_fattime)
    i.get_ldnumber                           0x08003fd0   Section        0  ff.o(i.get_ldnumber)
    get_ldnumber                             0x08003fd1   Thumb Code    74  ff.o(i.get_ldnumber)
    i.iap_load_app                           0x0800401c   Section        0  bsp_iap.o(i.iap_load_app)
    i.iap_write_appbin                       0x08004048   Section        0  bsp_iap.o(i.iap_write_appbin)
    i.ld_clust                               0x08004092   Section        0  ff.o(i.ld_clust)
    ld_clust                                 0x08004093   Thumb Code    32  ff.o(i.ld_clust)
    i.main                                   0x080040b4   Section        0  main.o(i.main)
    i.mem_cmp                                0x08004280   Section        0  ff.o(i.mem_cmp)
    mem_cmp                                  0x08004281   Thumb Code    38  ff.o(i.mem_cmp)
    i.mem_cpy                                0x080042a6   Section        0  ff.o(i.mem_cpy)
    mem_cpy                                  0x080042a7   Thumb Code    26  ff.o(i.mem_cpy)
    i.mem_set                                0x080042c0   Section        0  ff.o(i.mem_set)
    mem_set                                  0x080042c1   Thumb Code    20  ff.o(i.mem_set)
    i.move_window                            0x080042d4   Section        0  ff.o(i.move_window)
    move_window                              0x080042d5   Thumb Code    50  ff.o(i.move_window)
    i.put_fat                                0x08004306   Section        0  ff.o(i.put_fat)
    i.remove_chain                           0x08004442   Section        0  ff.o(i.remove_chain)
    remove_chain                             0x08004443   Thumb Code   108  ff.o(i.remove_chain)
    i.st_clust                               0x080044ae   Section        0  ff.o(i.st_clust)
    st_clust                                 0x080044af   Thumb Code    16  ff.o(i.st_clust)
    i.sum_sfn                                0x080044be   Section        0  ff.o(i.sum_sfn)
    sum_sfn                                  0x080044bf   Thumb Code    32  ff.o(i.sum_sfn)
    i.sync_fs                                0x080044de   Section        0  ff.o(i.sync_fs)
    sync_fs                                  0x080044df   Thumb Code   200  ff.o(i.sync_fs)
    i.sync_window                            0x080045a6   Section        0  ff.o(i.sync_window)
    sync_window                              0x080045a7   Thumb Code    76  ff.o(i.sync_window)
    i.validate                               0x080045f2   Section        0  ff.o(i.validate)
    validate                                 0x080045f3   Thumb Code    54  ff.o(i.validate)
    .constdata                               0x08004628   Section      186  ff.o(.constdata)
    ExCvt                                    0x08004628   Data         128  ff.o(.constdata)
    LfnOfs                                   0x080046a8   Data          13  ff.o(.constdata)
    vst                                      0x080046b6   Data          22  ff.o(.constdata)
    cst                                      0x080046cc   Data          22  ff.o(.constdata)
    .constdata                               0x080046e2   Section     1216  ccsbcs.o(.constdata)
    Tbl                                      0x080046e2   Data         256  ccsbcs.o(.constdata)
    tbl_lower                                0x080047e2   Data         480  ccsbcs.o(.constdata)
    tbl_upper                                0x080049c2   Data         480  ccsbcs.o(.constdata)
    .data                                    0x20000000   Section       20  system_stm32f10x.o(.data)
    .data                                    0x20000014   Section       20  stm32f10x_rcc.o(.data)
    APBAHBPrescTable                         0x20000014   Data          16  stm32f10x_rcc.o(.data)
    ADCPrescTable                            0x20000024   Data           4  stm32f10x_rcc.o(.data)
    .data                                    0x20000028   Section       12  bsp_sdio_sd.o(.data)
    CardType                                 0x20000028   Data           1  bsp_sdio_sd.o(.data)
    RCA                                      0x2000002c   Data           4  bsp_sdio_sd.o(.data)
    DeviceMode                               0x20000030   Data           1  bsp_sdio_sd.o(.data)
    StopCondition                            0x20000031   Data           1  bsp_sdio_sd.o(.data)
    .data                                    0x20000034   Section        8  main.o(.data)
    .data                                    0x2000003c   Section       10  ff.o(.data)
    FatFs                                    0x2000003c   Data           8  ff.o(.data)
    Fsid                                     0x20000044   Data           2  ff.o(.data)
    .data                                    0x20000048   Section        4  bsp_iap.o(.data)
    .data                                    0x2000004c   Section        4  stdout.o(.data)
    .bss                                     0x20000050   Section       40  bsp_uart_fifo.o(.bss)
    .bss                                     0x20000078   Section      560  bsp.o(.bss)
    .bss                                     0x200002a8   Section      632  bsp_sdio_sd.o(.bss)
    CSD_Tab                                  0x200002a8   Data          16  bsp_sdio_sd.o(.bss)
    CID_Tab                                  0x200002b8   Data          16  bsp_sdio_sd.o(.bss)
    .bss                                     0x20000520   Section     2048  main.o(.bss)
    .bss                                     0x20000d20   Section      512  ff.o(.bss)
    LfnBuf                                   0x20000d20   Data         512  ff.o(.bss)
    STACK                                    0x20000f20   Section     4096  startup_stm32f10x_hd.o(STACK)

    Global Symbols

    Symbol Name                              Value     Ov Type        Size  Object(Section)

    BuildAttributes$$THM_ISAv4$P$D$K$B$S$PE$A:L22UL41UL21$X:L11$S22US41US21$IEEE1$IW$USESV6$~STKCKD$USESV7$~SHL$OSPACE$ROPI$EBA8$MICROLIB$REQ8$PRES8$EABIv2 0x00000000   Number         0  anon$$obj.o ABSOLUTE
    __ARM_use_no_argv                        0x00000000   Number         0  main.o ABSOLUTE
    _printf_a                                0x00000000   Number         0  stubs.o ABSOLUTE
    _printf_c                                0x00000000   Number         0  stubs.o ABSOLUTE
    _printf_charcount                        0x00000000   Number         0  stubs.o ABSOLUTE
    _printf_d                                0x00000000   Number         0  stubs.o ABSOLUTE
    _printf_e                                0x00000000   Number         0  stubs.o ABSOLUTE
    _printf_f                                0x00000000   Number         0  stubs.o ABSOLUTE
    _printf_flags                            0x00000000   Number         0  stubs.o ABSOLUTE
    _printf_fp_dec                           0x00000000   Number         0  stubs.o ABSOLUTE
    _printf_fp_hex                           0x00000000   Number         0  stubs.o ABSOLUTE
    _printf_g                                0x00000000   Number         0  stubs.o ABSOLUTE
    _printf_i                                0x00000000   Number         0  stubs.o ABSOLUTE
    _printf_int_dec                          0x00000000   Number         0  stubs.o ABSOLUTE
    _printf_l                                0x00000000   Number         0  stubs.o ABSOLUTE
    _printf_lc                               0x00000000   Number         0  stubs.o ABSOLUTE
    _printf_ll                               0x00000000   Number         0  stubs.o ABSOLUTE
    _printf_lld                              0x00000000   Number         0  stubs.o ABSOLUTE
    _printf_lli                              0x00000000   Number         0  stubs.o ABSOLUTE
    _printf_llo                              0x00000000   Number         0  stubs.o ABSOLUTE
    _printf_llu                              0x00000000   Number         0  stubs.o ABSOLUTE
    _printf_llx                              0x00000000   Number         0  stubs.o ABSOLUTE
    _printf_longlong_dec                     0x00000000   Number         0  stubs.o ABSOLUTE
    _printf_longlong_hex                     0x00000000   Number         0  stubs.o ABSOLUTE
    _printf_longlong_oct                     0x00000000   Number         0  stubs.o ABSOLUTE
    _printf_ls                               0x00000000   Number         0  stubs.o ABSOLUTE
    _printf_mbtowc                           0x00000000   Number         0  stubs.o ABSOLUTE
    _printf_n                                0x00000000   Number         0  stubs.o ABSOLUTE
    _printf_o                                0x00000000   Number         0  stubs.o ABSOLUTE
    _printf_p                                0x00000000   Number         0  stubs.o ABSOLUTE
    _printf_percent                          0x00000000   Number         0  stubs.o ABSOLUTE
    _printf_pre_padding                      0x00000000   Number         0  stubs.o ABSOLUTE
    _printf_return_value                     0x00000000   Number         0  stubs.o ABSOLUTE
    _printf_s                                0x00000000   Number         0  stubs.o ABSOLUTE
    _printf_sizespec                         0x00000000   Number         0  stubs.o ABSOLUTE
    _printf_str                              0x00000000   Number         0  stubs.o ABSOLUTE
    _printf_truncate_signed                  0x00000000   Number         0  stubs.o ABSOLUTE
    _printf_truncate_unsigned                0x00000000   Number         0  stubs.o ABSOLUTE
    _printf_u                                0x00000000   Number         0  stubs.o ABSOLUTE
    _printf_wc                               0x00000000   Number         0  stubs.o ABSOLUTE
    _printf_wctomb                           0x00000000   Number         0  stubs.o ABSOLUTE
    _printf_widthprec                        0x00000000   Number         0  stubs.o ABSOLUTE
    _printf_x                                0x00000000   Number         0  stubs.o ABSOLUTE
    __cpp_initialize__aeabi_                  - Undefined Weak Reference
    __cxa_finalize                            - Undefined Weak Reference
    __decompress                              - Undefined Weak Reference
    _clock_init                               - Undefined Weak Reference
    _microlib_exit                            - Undefined Weak Reference
    __Vectors_Size                           0x00000130   Number         0  startup_stm32f10x_hd.o ABSOLUTE
    __Vectors                                0x08000000   Data           4  startup_stm32f10x_hd.o(RESET)
    __Vectors_End                            0x08000130   Data           0  startup_stm32f10x_hd.o(RESET)
    __main                                   0x08000131   Thumb Code     0  entry.o(.ARM.Collect$$$$00000000)
    _main_stk                                0x08000131   Thumb Code     0  entry2.o(.ARM.Collect$$$$00000001)
    _main_scatterload                        0x08000135   Thumb Code     0  entry5.o(.ARM.Collect$$$$00000004)
    __main_after_scatterload                 0x08000139   Thumb Code     0  entry5.o(.ARM.Collect$$$$00000004)
    _main_clock                              0x08000139   Thumb Code     0  entry7b.o(.ARM.Collect$$$$00000008)
    _main_cpp_init                           0x08000139   Thumb Code     0  entry8b.o(.ARM.Collect$$$$0000000A)
    _main_init                               0x08000139   Thumb Code     0  entry9a.o(.ARM.Collect$$$$0000000B)
    __rt_final_cpp                           0x08000141   Thumb Code     0  entry10a.o(.ARM.Collect$$$$0000000D)
    __rt_final_exit                          0x08000141   Thumb Code     0  entry11a.o(.ARM.Collect$$$$0000000F)
    WFI_SET                                  0x08000145   Thumb Code     2  bsp_sys.o(.emb_text)
    INTX_DISABLE                             0x08000147   Thumb Code     4  bsp_sys.o(.emb_text)
    INTX_ENABLE                              0x0800014b   Thumb Code     4  bsp_sys.o(.emb_text)
    MSR_MSP                                  0x0800014f   Thumb Code     6  bsp_sys.o(.emb_text)
    Reset_Handler                            0x08000155   Thumb Code     8  startup_stm32f10x_hd.o(.text)
    SysTick_Handler                          0x0800016d   Thumb Code     2  startup_stm32f10x_hd.o(.text)
    ADC1_2_IRQHandler                        0x0800016f   Thumb Code     0  startup_stm32f10x_hd.o(.text)
    ADC3_IRQHandler                          0x0800016f   Thumb Code     0  startup_stm32f10x_hd.o(.text)
    CAN1_RX1_IRQHandler                      0x0800016f   Thumb Code     0  startup_stm32f10x_hd.o(.text)
    CAN1_SCE_IRQHandler                      0x0800016f   Thumb Code     0  startup_stm32f10x_hd.o(.text)
    DMA1_Channel1_IRQHandler                 0x0800016f   Thumb Code     0  startup_stm32f10x_hd.o(.text)
    DMA1_Channel2_IRQHandler                 0x0800016f   Thumb Code     0  startup_stm32f10x_hd.o(.text)
    DMA1_Channel3_IRQHandler                 0x0800016f   Thumb Code     0  startup_stm32f10x_hd.o(.text)
    DMA1_Channel4_IRQHandler                 0x0800016f   Thumb Code     0  startup_stm32f10x_hd.o(.text)
    DMA1_Channel5_IRQHandler                 0x0800016f   Thumb Code     0  startup_stm32f10x_hd.o(.text)
    DMA1_Channel6_IRQHandler                 0x0800016f   Thumb Code     0  startup_stm32f10x_hd.o(.text)
    DMA1_Channel7_IRQHandler                 0x0800016f   Thumb Code     0  startup_stm32f10x_hd.o(.text)
    DMA2_Channel1_IRQHandler                 0x0800016f   Thumb Code     0  startup_stm32f10x_hd.o(.text)
    DMA2_Channel2_IRQHandler                 0x0800016f   Thumb Code     0  startup_stm32f10x_hd.o(.text)
    DMA2_Channel3_IRQHandler                 0x0800016f   Thumb Code     0  startup_stm32f10x_hd.o(.text)
    DMA2_Channel4_5_IRQHandler               0x0800016f   Thumb Code     0  startup_stm32f10x_hd.o(.text)
    EXTI0_IRQHandler                         0x0800016f   Thumb Code     0  startup_stm32f10x_hd.o(.text)
    EXTI15_10_IRQHandler                     0x0800016f   Thumb Code     0  startup_stm32f10x_hd.o(.text)
    EXTI1_IRQHandler                         0x0800016f   Thumb Code     0  startup_stm32f10x_hd.o(.text)
    EXTI2_IRQHandler                         0x0800016f   Thumb Code     0  startup_stm32f10x_hd.o(.text)
    EXTI3_IRQHandler                         0x0800016f   Thumb Code     0  startup_stm32f10x_hd.o(.text)
    EXTI4_IRQHandler                         0x0800016f   Thumb Code     0  startup_stm32f10x_hd.o(.text)
    EXTI9_5_IRQHandler                       0x0800016f   Thumb Code     0  startup_stm32f10x_hd.o(.text)
    FLASH_IRQHandler                         0x0800016f   Thumb Code     0  startup_stm32f10x_hd.o(.text)
    FSMC_IRQHandler                          0x0800016f   Thumb Code     0  startup_stm32f10x_hd.o(.text)
    I2C1_ER_IRQHandler                       0x0800016f   Thumb Code     0  startup_stm32f10x_hd.o(.text)
    I2C1_EV_IRQHandler                       0x0800016f   Thumb Code     0  startup_stm32f10x_hd.o(.text)
    I2C2_ER_IRQHandler                       0x0800016f   Thumb Code     0  startup_stm32f10x_hd.o(.text)
    I2C2_EV_IRQHandler                       0x0800016f   Thumb Code     0  startup_stm32f10x_hd.o(.text)
    PVD_IRQHandler                           0x0800016f   Thumb Code     0  startup_stm32f10x_hd.o(.text)
    RCC_IRQHandler                           0x0800016f   Thumb Code     0  startup_stm32f10x_hd.o(.text)
    RTCAlarm_IRQHandler                      0x0800016f   Thumb Code     0  startup_stm32f10x_hd.o(.text)
    RTC_IRQHandler                           0x0800016f   Thumb Code     0  startup_stm32f10x_hd.o(.text)
    SPI1_IRQHandler                          0x0800016f   Thumb Code     0  startup_stm32f10x_hd.o(.text)
    SPI2_IRQHandler                          0x0800016f   Thumb Code     0  startup_stm32f10x_hd.o(.text)
    SPI3_IRQHandler                          0x0800016f   Thumb Code     0  startup_stm32f10x_hd.o(.text)
    TAMPER_IRQHandler                        0x0800016f   Thumb Code     0  startup_stm32f10x_hd.o(.text)
    TIM1_BRK_IRQHandler                      0x0800016f   Thumb Code     0  startup_stm32f10x_hd.o(.text)
    TIM1_CC_IRQHandler                       0x0800016f   Thumb Code     0  startup_stm32f10x_hd.o(.text)
    TIM1_TRG_COM_IRQHandler                  0x0800016f   Thumb Code     0  startup_stm32f10x_hd.o(.text)
    TIM1_UP_IRQHandler                       0x0800016f   Thumb Code     0  startup_stm32f10x_hd.o(.text)
    TIM2_IRQHandler                          0x0800016f   Thumb Code     0  startup_stm32f10x_hd.o(.text)
    TIM3_IRQHandler                          0x0800016f   Thumb Code     0  startup_stm32f10x_hd.o(.text)
    TIM4_IRQHandler                          0x0800016f   Thumb Code     0  startup_stm32f10x_hd.o(.text)
    TIM5_IRQHandler                          0x0800016f   Thumb Code     0  startup_stm32f10x_hd.o(.text)
    TIM6_IRQHandler                          0x0800016f   Thumb Code     0  startup_stm32f10x_hd.o(.text)
    TIM7_IRQHandler                          0x0800016f   Thumb Code     0  startup_stm32f10x_hd.o(.text)
    TIM8_BRK_IRQHandler                      0x0800016f   Thumb Code     0  startup_stm32f10x_hd.o(.text)
    TIM8_CC_IRQHandler                       0x0800016f   Thumb Code     0  startup_stm32f10x_hd.o(.text)
    TIM8_TRG_COM_IRQHandler                  0x0800016f   Thumb Code     0  startup_stm32f10x_hd.o(.text)
    TIM8_UP_IRQHandler                       0x0800016f   Thumb Code     0  startup_stm32f10x_hd.o(.text)
    UART4_IRQHandler                         0x0800016f   Thumb Code     0  startup_stm32f10x_hd.o(.text)
    UART5_IRQHandler                         0x0800016f   Thumb Code     0  startup_stm32f10x_hd.o(.text)
    USART2_IRQHandler                        0x0800016f   Thumb Code     0  startup_stm32f10x_hd.o(.text)
    USART3_IRQHandler                        0x0800016f   Thumb Code     0  startup_stm32f10x_hd.o(.text)
    USBWakeUp_IRQHandler                     0x0800016f   Thumb Code     0  startup_stm32f10x_hd.o(.text)
    USB_HP_CAN1_TX_IRQHandler                0x0800016f   Thumb Code     0  startup_stm32f10x_hd.o(.text)
    WWDG_IRQHandler                          0x0800016f   Thumb Code     0  startup_stm32f10x_hd.o(.text)
    __aeabi_memcpy                           0x08000179   Thumb Code    36  memcpya.o(.text)
    __aeabi_memcpy4                          0x08000179   Thumb Code     0  memcpya.o(.text)
    __aeabi_memcpy8                          0x08000179   Thumb Code     0  memcpya.o(.text)
    __aeabi_memset                           0x0800019d   Thumb Code    14  memseta.o(.text)
    __aeabi_memset4                          0x0800019d   Thumb Code     0  memseta.o(.text)
    __aeabi_memset8                          0x0800019d   Thumb Code     0  memseta.o(.text)
    __aeabi_memclr                           0x080001ab   Thumb Code     4  memseta.o(.text)
    __aeabi_memclr4                          0x080001ab   Thumb Code     0  memseta.o(.text)
    __aeabi_memclr8                          0x080001ab   Thumb Code     0  memseta.o(.text)
    _memset$wrapper                          0x080001af   Thumb Code    18  memseta.o(.text)
    __aeabi_uidiv                            0x080001c1   Thumb Code     0  uidiv.o(.text)
    __aeabi_uidivmod                         0x080001c1   Thumb Code    44  uidiv.o(.text)
    __scatterload                            0x080001ed   Thumb Code    28  init.o(.text)
    __scatterload_rt2                        0x080001ed   Thumb Code     0  init.o(.text)
    BusFault_Handler                         0x08000211   Thumb Code     4  stm32f10x_it.o(i.BusFault_Handler)
    CmdError                                 0x08000215   Thumb Code    48  bsp_sdio_sd.o(i.CmdError)
    CmdResp1Error                            0x08000249   Thumb Code    82  bsp_sdio_sd.o(i.CmdResp1Error)
    CmdResp2Error                            0x080002a1   Thumb Code    90  bsp_sdio_sd.o(i.CmdResp2Error)
    CmdResp3Error                            0x08000301   Thumb Code    52  bsp_sdio_sd.o(i.CmdResp3Error)
    CmdResp6Error                            0x08000339   Thumb Code   142  bsp_sdio_sd.o(i.CmdResp6Error)
    CmdResp7Error                            0x080003cd   Thumb Code    82  bsp_sdio_sd.o(i.CmdResp7Error)
    DMA_DeInit                               0x08000449   Thumb Code   324  stm32f10x_dma.o(i.DMA_DeInit)
    DMA_Init                                 0x08000595   Thumb Code    60  stm32f10x_dma.o(i.DMA_Init)
    DebugMon_Handler                         0x080005d1   Thumb Code     2  stm32f10x_it.o(i.DebugMon_Handler)
    FLASH_ErasePage                          0x080005d5   Thumb Code    72  stm32f10x_flash.o(i.FLASH_ErasePage)
    FLASH_GetBank1Status                     0x08000621   Thumb Code    48  stm32f10x_flash.o(i.FLASH_GetBank1Status)
    FLASH_Lock                               0x08000655   Thumb Code    14  stm32f10x_flash.o(i.FLASH_Lock)
    FLASH_ProgramHalfWord                    0x08000669   Thumb Code    60  stm32f10x_flash.o(i.FLASH_ProgramHalfWord)
    FLASH_Unlock                             0x080006a9   Thumb Code    12  stm32f10x_flash.o(i.FLASH_Unlock)
    FLASH_WaitForLastOperation               0x080006c1   Thumb Code    38  stm32f10x_flash.o(i.FLASH_WaitForLastOperation)
    FindSCR                                  0x080006e9   Thumb Code   324  bsp_sdio_sd.o(i.FindSCR)
    FlashDataRead                            0x08000839   Thumb Code    20  bsp_flash.o(i.FlashDataRead)
    FlashDataWrite                           0x0800084d   Thumb Code    20  bsp_flash.o(i.FlashDataWrite)
    GPIO_Init                                0x08000861   Thumb Code   274  stm32f10x_gpio.o(i.GPIO_Init)
    HardFault_Handler                        0x08000975   Thumb Code    34  stm32f10x_it.o(i.HardFault_Handler)
    IsCardProgramming                        0x08000a59   Thumb Code   132  bsp_sdio_sd.o(i.IsCardProgramming)
    MemManage_Handler                        0x08000ae5   Thumb Code     4  stm32f10x_it.o(i.MemManage_Handler)
    NMI_Handler                              0x08000ae9   Thumb Code     2  stm32f10x_it.o(i.NMI_Handler)
    NVIC_Init                                0x08000aed   Thumb Code   102  misc.o(i.NVIC_Init)
    NVIC_PriorityGroupConfig                 0x08000b61   Thumb Code    10  misc.o(i.NVIC_PriorityGroupConfig)
    PendSV_Handler                           0x08000b75   Thumb Code     2  stm32f10x_it.o(i.PendSV_Handler)
    RCC_AHBPeriphClockCmd                    0x08000b79   Thumb Code    26  stm32f10x_rcc.o(i.RCC_AHBPeriphClockCmd)
    RCC_APB1PeriphResetCmd                   0x08000b99   Thumb Code    26  stm32f10x_rcc.o(i.RCC_APB1PeriphResetCmd)
    RCC_APB2PeriphClockCmd                   0x08000bb9   Thumb Code    26  stm32f10x_rcc.o(i.RCC_APB2PeriphClockCmd)
    RCC_APB2PeriphResetCmd                   0x08000bd9   Thumb Code    26  stm32f10x_rcc.o(i.RCC_APB2PeriphResetCmd)
    RCC_GetClocksFreq                        0x08000bf9   Thumb Code   192  stm32f10x_rcc.o(i.RCC_GetClocksFreq)
    RS485_InitTXE                            0x08000ccd   Thumb Code    38  bsp_uart_fifo.o(i.RS485_InitTXE)
    RS485_SendBefor                          0x08000cf9   Thumb Code    10  bsp_uart_fifo.o(i.RS485_SendBefor)
    SDEnWideBus                              0x08000d09   Thumb Code   118  bsp_sdio_sd.o(i.SDEnWideBus)
    SDIO_Clock_Set                           0x08000d89   Thumb Code    22  bsp_sdio_sd.o(i.SDIO_Clock_Set)
    SDIO_IRQHandler                          0x08000da5   Thumb Code     8  bsp_sdio_sd.o(i.SDIO_IRQHandler)
    SDIO_Send_Cmd                            0x08000dad   Thumb Code    58  bsp_sdio_sd.o(i.SDIO_Send_Cmd)
    SDIO_Send_Data_Cfg                       0x08000ded   Thumb Code    68  bsp_sdio_sd.o(i.SDIO_Send_Data_Cfg)
    SD_DMA_Config                            0x08000e35   Thumb Code   142  bsp_sdio_sd.o(i.SD_DMA_Config)
    SD_EnableWideBusOperation                0x08000ecd   Thumb Code    94  bsp_sdio_sd.o(i.SD_EnableWideBusOperation)
    SD_GetCardInfo                           0x08000f35   Thumb Code   814  bsp_sdio_sd.o(i.SD_GetCardInfo)
    SD_Init                                  0x08001275   Thumb Code   214  bsp_sdio_sd.o(i.SD_Init)
    SD_InitializeCards                       0x08001369   Thumb Code   240  bsp_sdio_sd.o(i.SD_InitializeCards)
    SD_PowerON                               0x0800146d   Thumb Code   358  bsp_sdio_sd.o(i.SD_PowerON)
    SD_ProcessIRQSrc                         0x080015e5   Thumb Code   310  bsp_sdio_sd.o(i.SD_ProcessIRQSrc)
    SD_ReadBlock                             0x0800172d   Thumb Code   482  bsp_sdio_sd.o(i.SD_ReadBlock)
    SD_ReadDisk                              0x08001939   Thumb Code   116  bsp_sdio_sd.o(i.SD_ReadDisk)
    SD_ReadMultiBlocks                       0x080019b5   Thumb Code   560  bsp_sdio_sd.o(i.SD_ReadMultiBlocks)
    SD_SelectDeselect                        0x08001c0d   Thumb Code    22  bsp_sdio_sd.o(i.SD_SelectDeselect)
    SD_SetDeviceMode                         0x08001c25   Thumb Code    20  bsp_sdio_sd.o(i.SD_SetDeviceMode)
    SD_WriteBlock                            0x08001c3d   Thumb Code   704  bsp_sdio_sd.o(i.SD_WriteBlock)
    SD_WriteDisk                             0x08001f29   Thumb Code   116  bsp_sdio_sd.o(i.SD_WriteDisk)
    SD_WriteMultiBlocks                      0x08001fa5   Thumb Code   772  bsp_sdio_sd.o(i.SD_WriteMultiBlocks)
    STM32_FLASH_Read                         0x080022d5   Thumb Code    34  bsp_flash.o(i.STM32_FLASH_Read)
    STM32_FLASH_ReadHalfWord                 0x080022f7   Thumb Code     6  bsp_flash.o(i.STM32_FLASH_ReadHalfWord)
    STM32_FLASH_Write                        0x080022fd   Thumb Code    66  bsp_flash.o(i.STM32_FLASH_Write)
    STM32_FLASH_Write_NoCheck                0x08002345   Thumb Code    38  bsp_flash.o(i.STM32_FLASH_Write_NoCheck)
    SVC_Handler                              0x0800236b   Thumb Code     2  stm32f10x_it.o(i.SVC_Handler)
    SystemInit                               0x08002451   Thumb Code    78  system_stm32f10x.o(i.SystemInit)
    USART1_DMA_Config                        0x080024b1   Thumb Code    84  bsp_uart_fifo.o(i.USART1_DMA_Config)
    USART1_IRQHandler                        0x08002505   Thumb Code     8  bsp_uart_fifo.o(i.USART1_IRQHandler)
    USART_ClearITPendingBit                  0x0800250d   Thumb Code    30  stm32f10x_usart.o(i.USART_ClearITPendingBit)
    USART_Cmd                                0x0800252b   Thumb Code    24  stm32f10x_usart.o(i.USART_Cmd)
    USART_DMACmd                             0x08002543   Thumb Code    18  stm32f10x_usart.o(i.USART_DMACmd)
    USART_DeInit                             0x08002555   Thumb Code   134  stm32f10x_usart.o(i.USART_DeInit)
    USART_GetFlagStatus                      0x080025f1   Thumb Code    26  stm32f10x_usart.o(i.USART_GetFlagStatus)
    USART_GetITStatus                        0x0800260b   Thumb Code    84  stm32f10x_usart.o(i.USART_GetITStatus)
    USART_ITConfig                           0x0800265f   Thumb Code    74  stm32f10x_usart.o(i.USART_ITConfig)
    USART_Init                               0x080026a9   Thumb Code   210  stm32f10x_usart.o(i.USART_Init)
    USART_ReceiveData                        0x08002781   Thumb Code    10  stm32f10x_usart.o(i.USART_ReceiveData)
    USART_SendData                           0x0800278b   Thumb Code     8  stm32f10x_usart.o(i.USART_SendData)
    USB_LP_CAN1_RX0_IRQHandler               0x08002795   Thumb Code     6  stm32f10x_it.o(i.USB_LP_CAN1_RX0_IRQHandler)
    UsageFault_Handler                       0x080027e9   Thumb Code     4  stm32f10x_it.o(i.UsageFault_Handler)
    __0printf$1                              0x080027ed   Thumb Code    22  printf1.o(i.__0printf$1)
    __1printf$1                              0x080027ed   Thumb Code     0  printf1.o(i.__0printf$1)
    __2printf                                0x080027ed   Thumb Code     0  printf1.o(i.__0printf$1)
    __0sprintf$1                             0x0800280d   Thumb Code    34  printf1.o(i.__0sprintf$1)
    __1sprintf$1                             0x0800280d   Thumb Code     0  printf1.o(i.__0sprintf$1)
    __2sprintf                               0x0800280d   Thumb Code     0  printf1.o(i.__0sprintf$1)
    __scatterload_copy                       0x08002835   Thumb Code    14  handlers.o(i.__scatterload_copy)
    __scatterload_null                       0x08002843   Thumb Code     2  handlers.o(i.__scatterload_null)
    __scatterload_zeroinit                   0x08002845   Thumb Code    14  handlers.o(i.__scatterload_zeroinit)
    bsp_BeepOff                              0x080029b5   Thumb Code    16  bsp_beep.o(i.bsp_BeepOff)
    bsp_DelayUS                              0x080029c9   Thumb Code    36  bsp_dwt.o(i.bsp_DelayUS)
    bsp_Init                                 0x080029f9   Thumb Code    34  bsp.o(i.bsp_Init)
    bsp_InitBeep                             0x08002a39   Thumb Code    44  bsp_beep.o(i.bsp_InitBeep)
    bsp_InitDWT                              0x08002a69   Thumb Code    30  bsp_dwt.o(i.bsp_InitDWT)
    bsp_InitLed                              0x08002a91   Thumb Code    44  bsp_led.o(i.bsp_InitLed)
    bsp_InitUart                             0x08002ac1   Thumb Code    20  bsp_uart_fifo.o(i.bsp_InitUart)
    bsp_LedOff                               0x08002ad5   Thumb Code    14  bsp_led.o(i.bsp_LedOff)
    clust2sect                               0x08002bbf   Thumb Code    26  ff.o(i.clust2sect)
    convert_from_bytes_to_power_of_two       0x08002c69   Thumb Code    18  bsp_sdio_sd.o(i.convert_from_bytes_to_power_of_two)
    disk_initialize                          0x08003391   Thumb Code    48  diskio.o(i.disk_initialize)
    disk_ioctl                               0x080033c1   Thumb Code    64  diskio.o(i.disk_ioctl)
    disk_read                                0x08003401   Thumb Code    70  diskio.o(i.disk_read)
    disk_status                              0x08003447   Thumb Code     6  diskio.o(i.disk_status)
    disk_write                               0x0800344d   Thumb Code   100  diskio.o(i.disk_write)
    f_close                                  0x080034b1   Thumb Code    32  ff.o(i.f_close)
    f_mount                                  0x080034d1   Thumb Code    86  ff.o(i.f_mount)
    f_open                                   0x0800352d   Thumb Code   356  ff.o(i.f_open)
    f_read                                   0x08003695   Thumb Code   430  ff.o(i.f_read)
    f_sync                                   0x08003843   Thumb Code   174  ff.o(i.f_sync)
    ff_convert                               0x080038f1   Thumb Code    70  ccsbcs.o(i.ff_convert)
    ff_wtoupper                              0x0800393d   Thumb Code    46  ccsbcs.o(i.ff_wtoupper)
    fputc                                    0x08003e0d   Thumb Code    32  bsp_uart_fifo.o(i.fputc)
    get_fat                                  0x08003ee5   Thumb Code   232  ff.o(i.get_fat)
    get_fattime                              0x08003fcd   Thumb Code     4  diskio.o(i.get_fattime)
    iap_load_app                             0x0800401d   Thumb Code    36  bsp_iap.o(i.iap_load_app)
    iap_write_appbin                         0x08004049   Thumb Code    74  bsp_iap.o(i.iap_write_appbin)
    main                                     0x080040b5   Thumb Code   258  main.o(i.main)
    put_fat                                  0x08004307   Thumb Code   316  ff.o(i.put_fat)
    Region$$Table$$Base                      0x08004ba4   Number         0  anon$$obj.o(Region$$Table)
    Region$$Table$$Limit                     0x08004bc4   Number         0  anon$$obj.o(Region$$Table)
    SystemCoreClock                          0x20000000   Data           4  system_stm32f10x.o(.data)
    AHBPrescTable                            0x20000004   Data          16  system_stm32f10x.o(.data)
    TransferError                            0x20000032   Data           1  bsp_sdio_sd.o(.data)
    TransferEnd                              0x20000033   Data           1  bsp_sdio_sd.o(.data)
    Contro_ID                                0x20000034   Data           1  main.o(.data)
    Update_Flags                             0x20000035   Data           1  main.o(.data)
    br                                       0x20000038   Data           4  main.o(.data)
    jump2app                                 0x20000048   Data           4  bsp_iap.o(.data)
    __stdout                                 0x2000004c   Data           4  stdout.o(.data)
    RXDBUF                                   0x20000050   Data          20  bsp_uart_fifo.o(.bss)
    TXDBUF                                   0x20000064   Data          20  bsp_uart_fifo.o(.bss)
    FS                                       0x20000078   Data         560  bsp.o(.bss)
    SDCardInfo                               0x200002c8   Data          88  bsp_sdio_sd.o(.bss)
    SDIO_DATA_BUFFER                         0x20000320   Data         512  bsp_sdio_sd.o(.bss)
    Sd_Buf                                   0x20000520   Data        2048  main.o(.bss)
    __initial_sp                             0x20001f20   Data           0  startup_stm32f10x_hd.o(STACK)



==============================================================================

Memory Map of the image

  Image Entry point : 0x08000131

  Load Region LR_IROM1 (Base: 0x08000000, Size: 0x00004c14, Max: 0x00040000, ABSOLUTE)

    Execution Region ER_IROM1 (Base: 0x08000000, Size: 0x00004bc4, Max: 0x00040000, ABSOLUTE)

    Base Addr    Size         Type   Attr      Idx    E Section Name        Object

    0x08000000   0x00000130   Data   RO          136    RESET               startup_stm32f10x_hd.o
    0x08000130   0x00000000   Code   RO         2387  * .ARM.Collect$$$$00000000  mc_w.l(entry.o)
    0x08000130   0x00000004   Code   RO         2657    .ARM.Collect$$$$00000001  mc_w.l(entry2.o)
    0x08000134   0x00000004   Code   RO         2660    .ARM.Collect$$$$00000004  mc_w.l(entry5.o)
    0x08000138   0x00000000   Code   RO         2662    .ARM.Collect$$$$00000008  mc_w.l(entry7b.o)
    0x08000138   0x00000000   Code   RO         2664    .ARM.Collect$$$$0000000A  mc_w.l(entry8b.o)
    0x08000138   0x00000008   Code   RO         2665    .ARM.Collect$$$$0000000B  mc_w.l(entry9a.o)
    0x08000140   0x00000000   Code   RO         2667    .ARM.Collect$$$$0000000D  mc_w.l(entry10a.o)
    0x08000140   0x00000000   Code   RO         2669    .ARM.Collect$$$$0000000F  mc_w.l(entry11a.o)
    0x08000140   0x00000004   Code   RO         2658    .ARM.Collect$$$$00002712  mc_w.l(entry2.o)
    0x08000144   0x00000010   Code   RO         1841    .emb_text           bsp_sys.o
    0x08000154   0x00000024   Code   RO          137    .text               startup_stm32f10x_hd.o
    0x08000178   0x00000024   Code   RO         2390    .text               mc_w.l(memcpya.o)
    0x0800019c   0x00000024   Code   RO         2392    .text               mc_w.l(memseta.o)
    0x080001c0   0x0000002c   Code   RO         2672    .text               mc_w.l(uidiv.o)
    0x080001ec   0x00000024   Code   RO         2687    .text               mc_w.l(init.o)
    0x08000210   0x00000004   Code   RO          941    i.BusFault_Handler  stm32f10x_it.o
    0x08000214   0x00000034   Code   RO         1637    i.CmdError          bsp_sdio_sd.o
    0x08000248   0x00000058   Code   RO         1638    i.CmdResp1Error     bsp_sdio_sd.o
    0x080002a0   0x00000060   Code   RO         1639    i.CmdResp2Error     bsp_sdio_sd.o
    0x08000300   0x00000038   Code   RO         1640    i.CmdResp3Error     bsp_sdio_sd.o
    0x08000338   0x00000094   Code   RO         1641    i.CmdResp6Error     bsp_sdio_sd.o
    0x080003cc   0x00000058   Code   RO         1642    i.CmdResp7Error     bsp_sdio_sd.o
    0x08000424   0x00000022   Code   RO         1477    i.ConfigUartNVIC    bsp_uart_fifo.o
    0x08000446   0x00000002   PAD
    0x08000448   0x0000014c   Code   RO         1015    i.DMA_DeInit        stm32f10x_dma.o
    0x08000594   0x0000003c   Code   RO         1020    i.DMA_Init          stm32f10x_dma.o
    0x080005d0   0x00000002   Code   RO          942    i.DebugMon_Handler  stm32f10x_it.o
    0x080005d2   0x00000002   PAD
    0x080005d4   0x0000004c   Code   RO          196    i.FLASH_ErasePage   stm32f10x_flash.o
    0x08000620   0x00000034   Code   RO          197    i.FLASH_GetBank1Status  stm32f10x_flash.o
    0x08000654   0x00000014   Code   RO          206    i.FLASH_Lock        stm32f10x_flash.o
    0x08000668   0x00000040   Code   RO          209    i.FLASH_ProgramHalfWord  stm32f10x_flash.o
    0x080006a8   0x00000018   Code   RO          214    i.FLASH_Unlock      stm32f10x_flash.o
    0x080006c0   0x00000026   Code   RO          218    i.FLASH_WaitForLastOperation  stm32f10x_flash.o
    0x080006e6   0x00000002   PAD
    0x080006e8   0x00000150   Code   RO         1643    i.FindSCR           bsp_sdio_sd.o
    0x08000838   0x00000014   Code   RO         1371    i.FlashDataRead     bsp_flash.o
    0x0800084c   0x00000014   Code   RO         1372    i.FlashDataWrite    bsp_flash.o
    0x08000860   0x00000112   Code   RO          379    i.GPIO_Init         stm32f10x_gpio.o
    0x08000972   0x00000002   PAD
    0x08000974   0x00000028   Code   RO          943    i.HardFault_Handler  stm32f10x_it.o
    0x0800099c   0x000000bc   Code   RO         1478    i.InitHardUart      bsp_uart_fifo.o
    0x08000a58   0x0000008c   Code   RO         1644    i.IsCardProgramming  bsp_sdio_sd.o
    0x08000ae4   0x00000004   Code   RO          944    i.MemManage_Handler  stm32f10x_it.o
    0x08000ae8   0x00000002   Code   RO          945    i.NMI_Handler       stm32f10x_it.o
    0x08000aea   0x00000002   PAD
    0x08000aec   0x00000074   Code   RO          143    i.NVIC_Init         misc.o
    0x08000b60   0x00000014   Code   RO          144    i.NVIC_PriorityGroupConfig  misc.o
    0x08000b74   0x00000002   Code   RO          946    i.PendSV_Handler    stm32f10x_it.o
    0x08000b76   0x00000002   PAD
    0x08000b78   0x00000020   Code   RO          546    i.RCC_AHBPeriphClockCmd  stm32f10x_rcc.o
    0x08000b98   0x00000020   Code   RO          548    i.RCC_APB1PeriphResetCmd  stm32f10x_rcc.o
    0x08000bb8   0x00000020   Code   RO          549    i.RCC_APB2PeriphClockCmd  stm32f10x_rcc.o
    0x08000bd8   0x00000020   Code   RO          550    i.RCC_APB2PeriphResetCmd  stm32f10x_rcc.o
    0x08000bf8   0x000000d4   Code   RO          557    i.RCC_GetClocksFreq  stm32f10x_rcc.o
    0x08000ccc   0x0000002c   Code   RO         1479    i.RS485_InitTXE     bsp_uart_fifo.o
    0x08000cf8   0x00000010   Code   RO         1480    i.RS485_SendBefor   bsp_uart_fifo.o
    0x08000d08   0x00000080   Code   RO         1645    i.SDEnWideBus       bsp_sdio_sd.o
    0x08000d88   0x0000001c   Code   RO         1646    i.SDIO_Clock_Set    bsp_sdio_sd.o
    0x08000da4   0x00000008   Code   RO         1647    i.SDIO_IRQHandler   bsp_sdio_sd.o
    0x08000dac   0x00000040   Code   RO         1648    i.SDIO_Send_Cmd     bsp_sdio_sd.o
    0x08000dec   0x00000048   Code   RO         1649    i.SDIO_Send_Data_Cfg  bsp_sdio_sd.o
    0x08000e34   0x00000098   Code   RO         1650    i.SD_DMA_Config     bsp_sdio_sd.o
    0x08000ecc   0x00000068   Code   RO         1651    i.SD_EnableWideBusOperation  bsp_sdio_sd.o
    0x08000f34   0x00000340   Code   RO         1652    i.SD_GetCardInfo    bsp_sdio_sd.o
    0x08001274   0x000000f4   Code   RO         1653    i.SD_Init           bsp_sdio_sd.o
    0x08001368   0x00000104   Code   RO         1654    i.SD_InitializeCards  bsp_sdio_sd.o
    0x0800146c   0x00000178   Code   RO         1656    i.SD_PowerON        bsp_sdio_sd.o
    0x080015e4   0x00000148   Code   RO         1657    i.SD_ProcessIRQSrc  bsp_sdio_sd.o
    0x0800172c   0x0000020c   Code   RO         1658    i.SD_ReadBlock      bsp_sdio_sd.o
    0x08001938   0x0000007c   Code   RO         1659    i.SD_ReadDisk       bsp_sdio_sd.o
    0x080019b4   0x00000258   Code   RO         1660    i.SD_ReadMultiBlocks  bsp_sdio_sd.o
    0x08001c0c   0x00000016   Code   RO         1661    i.SD_SelectDeselect  bsp_sdio_sd.o
    0x08001c22   0x00000002   PAD
    0x08001c24   0x00000018   Code   RO         1662    i.SD_SetDeviceMode  bsp_sdio_sd.o
    0x08001c3c   0x000002ec   Code   RO         1663    i.SD_WriteBlock     bsp_sdio_sd.o
    0x08001f28   0x0000007c   Code   RO         1664    i.SD_WriteDisk      bsp_sdio_sd.o
    0x08001fa4   0x00000330   Code   RO         1665    i.SD_WriteMultiBlocks  bsp_sdio_sd.o
    0x080022d4   0x00000022   Code   RO         1375    i.STM32_FLASH_Read  bsp_flash.o
    0x080022f6   0x00000006   Code   RO         1376    i.STM32_FLASH_ReadHalfWord  bsp_flash.o
    0x080022fc   0x00000048   Code   RO         1377    i.STM32_FLASH_Write  bsp_flash.o
    0x08002344   0x00000026   Code   RO         1378    i.STM32_FLASH_Write_NoCheck  bsp_flash.o
    0x0800236a   0x00000002   Code   RO          947    i.SVC_Handler       stm32f10x_it.o
    0x0800236c   0x00000008   Code   RO            3    i.SetSysClock       system_stm32f10x.o
    0x08002374   0x000000dc   Code   RO            4    i.SetSysClockTo72   system_stm32f10x.o
    0x08002450   0x00000060   Code   RO            6    i.SystemInit        system_stm32f10x.o
    0x080024b0   0x00000054   Code   RO         1483    i.USART1_DMA_Config  bsp_uart_fifo.o
    0x08002504   0x00000008   Code   RO         1484    i.USART1_IRQHandler  bsp_uart_fifo.o
    0x0800250c   0x0000001e   Code   RO          754    i.USART_ClearITPendingBit  stm32f10x_usart.o
    0x0800252a   0x00000018   Code   RO          757    i.USART_Cmd         stm32f10x_usart.o
    0x08002542   0x00000012   Code   RO          758    i.USART_DMACmd      stm32f10x_usart.o
    0x08002554   0x0000009c   Code   RO          759    i.USART_DeInit      stm32f10x_usart.o
    0x080025f0   0x0000001a   Code   RO          760    i.USART_GetFlagStatus  stm32f10x_usart.o
    0x0800260a   0x00000054   Code   RO          761    i.USART_GetITStatus  stm32f10x_usart.o
    0x0800265e   0x0000004a   Code   RO          763    i.USART_ITConfig    stm32f10x_usart.o
    0x080026a8   0x000000d8   Code   RO          764    i.USART_Init        stm32f10x_usart.o
    0x08002780   0x0000000a   Code   RO          771    i.USART_ReceiveData  stm32f10x_usart.o
    0x0800278a   0x00000008   Code   RO          774    i.USART_SendData    stm32f10x_usart.o
    0x08002792   0x00000002   PAD
    0x08002794   0x0000000c   Code   RO          948    i.USB_LP_CAN1_RX0_IRQHandler  stm32f10x_it.o
    0x080027a0   0x00000048   Code   RO         1489    i.Uart1IRQ          bsp_uart_fifo.o
    0x080027e8   0x00000004   Code   RO          949    i.UsageFault_Handler  stm32f10x_it.o
    0x080027ec   0x00000020   Code   RO         2441    i.__0printf$1       mc_w.l(printf1.o)
    0x0800280c   0x00000028   Code   RO         2443    i.__0sprintf$1      mc_w.l(printf1.o)
    0x08002834   0x0000000e   Code   RO         2699    i.__scatterload_copy  mc_w.l(handlers.o)
    0x08002842   0x00000002   Code   RO         2700    i.__scatterload_null  mc_w.l(handlers.o)
    0x08002844   0x0000000e   Code   RO         2701    i.__scatterload_zeroinit  mc_w.l(handlers.o)
    0x08002852   0x00000002   PAD
    0x08002854   0x00000154   Code   RO         2448    i._printf_core      mc_w.l(printf1.o)
    0x080029a8   0x0000000a   Code   RO         2450    i._sputc            mc_w.l(printf1.o)
    0x080029b2   0x00000002   PAD
    0x080029b4   0x00000014   Code   RO         1286    i.bsp_BeepOff       bsp_beep.o
    0x080029c8   0x00000030   Code   RO         1866    i.bsp_DelayUS       bsp_dwt.o
    0x080029f8   0x00000040   Code   RO         1614    i.bsp_Init          bsp.o
    0x08002a38   0x00000030   Code   RO         1288    i.bsp_InitBeep      bsp_beep.o
    0x08002a68   0x00000028   Code   RO         1867    i.bsp_InitDWT       bsp_dwt.o
    0x08002a90   0x00000030   Code   RO         1433    i.bsp_InitLed       bsp_led.o
    0x08002ac0   0x00000014   Code   RO         1490    i.bsp_InitUart      bsp_uart_fifo.o
    0x08002ad4   0x00000014   Code   RO         1435    i.bsp_LedOff        bsp_led.o
    0x08002ae8   0x00000090   Code   RO         1981    i.check_fs          ff.o
    0x08002b78   0x00000014   Code   RO         1982    i.chk_chr           ff.o
    0x08002b8c   0x00000032   Code   RO         1983    i.clmt_clust        ff.o
    0x08002bbe   0x0000001a   Code   RO         1984    i.clust2sect        ff.o
    0x08002bd8   0x00000090   Code   RO         1985    i.cmp_lfn           ff.o
    0x08002c68   0x00000012   Code   RO         1666    i.convert_from_bytes_to_power_of_two  bsp_sdio_sd.o
    0x08002c7a   0x000000d6   Code   RO         1986    i.create_chain      ff.o
    0x08002d50   0x00000230   Code   RO         1987    i.create_name       ff.o
    0x08002f80   0x0000005c   Code   RO         1988    i.dir_alloc         ff.o
    0x08002fdc   0x000000de   Code   RO         1989    i.dir_find          ff.o
    0x080030ba   0x0000010e   Code   RO         1990    i.dir_next          ff.o
    0x080031c8   0x0000012a   Code   RO         1992    i.dir_register      ff.o
    0x080032f2   0x0000009e   Code   RO         1994    i.dir_sdi           ff.o
    0x08003390   0x00000030   Code   RO         1923    i.disk_initialize   diskio.o
    0x080033c0   0x00000040   Code   RO         1924    i.disk_ioctl        diskio.o
    0x08003400   0x00000046   Code   RO         1925    i.disk_read         diskio.o
    0x08003446   0x00000006   Code   RO         1926    i.disk_status       diskio.o
    0x0800344c   0x00000064   Code   RO         1927    i.disk_write        diskio.o
    0x080034b0   0x00000020   Code   RO         1996    i.f_close           ff.o
    0x080034d0   0x0000005c   Code   RO         2004    i.f_mount           ff.o
    0x0800352c   0x00000168   Code   RO         2005    i.f_open            ff.o
    0x08003694   0x000001ae   Code   RO         2010    i.f_read            ff.o
    0x08003842   0x000000ae   Code   RO         2015    i.f_sync            ff.o
    0x080038f0   0x0000004c   Code   RO         2328    i.ff_convert        ccsbcs.o
    0x0800393c   0x00000038   Code   RO         2329    i.ff_wtoupper       ccsbcs.o
    0x08003974   0x00000388   Code   RO         2020    i.find_volume       ff.o
    0x08003cfc   0x00000080   Code   RO         2021    i.fit_lfn           ff.o
    0x08003d7c   0x00000090   Code   RO         2022    i.follow_path       ff.o
    0x08003e0c   0x00000024   Code   RO         1492    i.fputc             bsp_uart_fifo.o
    0x08003e30   0x000000b4   Code   RO         2023    i.gen_numname       ff.o
    0x08003ee4   0x000000e8   Code   RO         2024    i.get_fat           ff.o
    0x08003fcc   0x00000004   Code   RO         1928    i.get_fattime       diskio.o
    0x08003fd0   0x0000004a   Code   RO         2026    i.get_ldnumber      ff.o
    0x0800401a   0x00000002   PAD
    0x0800401c   0x0000002c   Code   RO         2359    i.iap_load_app      bsp_iap.o
    0x08004048   0x0000004a   Code   RO         2360    i.iap_write_appbin  bsp_iap.o
    0x08004092   0x00000020   Code   RO         2027    i.ld_clust          ff.o
    0x080040b2   0x00000002   PAD
    0x080040b4   0x000001cc   Code   RO         1897    i.main              main.o
    0x08004280   0x00000026   Code   RO         2028    i.mem_cmp           ff.o
    0x080042a6   0x0000001a   Code   RO         2029    i.mem_cpy           ff.o
    0x080042c0   0x00000014   Code   RO         2030    i.mem_set           ff.o
    0x080042d4   0x00000032   Code   RO         2031    i.move_window       ff.o
    0x08004306   0x0000013c   Code   RO         2033    i.put_fat           ff.o
    0x08004442   0x0000006c   Code   RO         2035    i.remove_chain      ff.o
    0x080044ae   0x00000010   Code   RO         2036    i.st_clust          ff.o
    0x080044be   0x00000020   Code   RO         2037    i.sum_sfn           ff.o
    0x080044de   0x000000c8   Code   RO         2038    i.sync_fs           ff.o
    0x080045a6   0x0000004c   Code   RO         2039    i.sync_window       ff.o
    0x080045f2   0x00000036   Code   RO         2040    i.validate          ff.o
    0x08004628   0x000000ba   Data   RO         2042    .constdata          ff.o
    0x080046e2   0x000004c0   Data   RO         2330    .constdata          ccsbcs.o
    0x08004ba2   0x00000002   PAD
    0x08004ba4   0x00000020   Data   RO         2697    Region$$Table       anon$$obj.o


    Execution Region RW_IRAM1 (Base: 0x20000000, Size: 0x00001f20, Max: 0x0000c000, ABSOLUTE)

    Base Addr    Size         Type   Attr      Idx    E Section Name        Object

    0x20000000   0x00000014   Data   RW            7    .data               system_stm32f10x.o
    0x20000014   0x00000014   Data   RW          577    .data               stm32f10x_rcc.o
    0x20000028   0x0000000c   Data   RW         1668    .data               bsp_sdio_sd.o
    0x20000034   0x00000008   Data   RW         1900    .data               main.o
    0x2000003c   0x0000000a   Data   RW         2043    .data               ff.o
    0x20000046   0x00000002   PAD
    0x20000048   0x00000004   Data   RW         2361    .data               bsp_iap.o
    0x2000004c   0x00000004   Data   RW         2671    .data               mc_w.l(stdout.o)
    0x20000050   0x00000028   Zero   RW         1493    .bss                bsp_uart_fifo.o
    0x20000078   0x00000230   Zero   RW         1615    .bss                bsp.o
    0x200002a8   0x00000278   Zero   RW         1667    .bss                bsp_sdio_sd.o
    0x20000520   0x00000800   Zero   RW         1898    .bss                main.o
    0x20000d20   0x00000200   Zero   RW         2041    .bss                ff.o
    0x20000f20   0x00001000   Zero   RW          134    STACK               startup_stm32f10x_hd.o


==============================================================================

Image component sizes


      Code (inc. data)   RO Data    RW Data    ZI Data      Debug   Object Name

        64         30          0          0        560        588   bsp.o
        68          8          0          0          0       5957   bsp_beep.o
        88         22          0          0          0        944   bsp_dwt.o
       190          6          0          0          0       3771   bsp_flash.o
       118          8          0          4          0       1644   bsp_iap.o
        68         10          0          0          0        907   bsp_led.o
      6600        392          0         12        632      30014   bsp_sdio_sd.o
        16          0          0          0          0        424   bsp_sys.o
       502         40          0          0         40       5105   bsp_uart_fifo.o
       132         16       1216          0          0       2127   ccsbcs.o
       292          0          0          0          0       5020   diskio.o
      5916         76        186         10        512      32949   ff.o
       460        202          0          8       2048       1452   main.o
       136         24          0          0          0       1575   misc.o
        36          8        304          0       4096        852   startup_stm32f10x_hd.o
       392          8          0          0          0       2924   stm32f10x_dma.o
       274         30          0          0          0       3438   stm32f10x_flash.o
       274          0          0          0          0       1984   stm32f10x_gpio.o
        72         12          0          0          0       3661   stm32f10x_it.o
       340         44          0         20          0       5627   stm32f10x_rcc.o
       646         28          0          0          0       8053   stm32f10x_usart.o
       324         26          0         20          0     252373   system_stm32f10x.o

    ----------------------------------------------------------------------
     17028        990       1740         76       7888     371389   Object Totals
         0          0         32          0          0          0   (incl. Generated)
        20          0          2          2          0          0   (incl. Padding)

    ----------------------------------------------------------------------

      Code (inc. data)   RO Data    RW Data    ZI Data      Debug   Library Member Name

         0          0          0          0          0          0   entry.o
         0          0          0          0          0          0   entry10a.o
         0          0          0          0          0          0   entry11a.o
         8          4          0          0          0          0   entry2.o
         4          0          0          0          0          0   entry5.o
         0          0          0          0          0          0   entry7b.o
         0          0          0          0          0          0   entry8b.o
         8          4          0          0          0          0   entry9a.o
        30          0          0          0          0          0   handlers.o
        36          8          0          0          0         68   init.o
        36          0          0          0          0         68   memcpya.o
        36          0          0          0          0        108   memseta.o
       422         22          0          0          0        332   printf1.o
         0          0          0          4          0          0   stdout.o
        44          0          0          0          0         80   uidiv.o

    ----------------------------------------------------------------------
       628         38          0          4          0        656   Library Totals
         4          0          0          0          0          0   (incl. Padding)

    ----------------------------------------------------------------------

      Code (inc. data)   RO Data    RW Data    ZI Data      Debug   Library Name

       624         38          0          4          0        656   mc_w.l

    ----------------------------------------------------------------------
       628         38          0          4          0        656   Library Totals

    ----------------------------------------------------------------------

==============================================================================


      Code (inc. data)   RO Data    RW Data    ZI Data      Debug   

     17656       1028       1740         80       7888     364869   Grand Totals
     17656       1028       1740         80       7888     364869   ELF Image Totals
     17656       1028       1740         80          0          0   ROM Totals

==============================================================================

    Total RO  Size (Code + RO Data)                19396 (  18.94kB)
    Total RW  Size (RW Data + ZI Data)              7968 (   7.78kB)
    Total ROM Size (Code + RO Data + RW Data)      19476 (  19.02kB)

==============================================================================

